#
# There is insufficient memory for the Java Runtime Environment to continue.
# Native memory allocation (mmap) failed to map 19922944 bytes. Error detail: G1 virtual space
# Possible reasons:
#   The system is out of physical RAM or swap space
#   This process is running with CompressedOops enabled, and the Java Heap may be blocking the growth of the native heap
# Possible solutions:
#   Reduce memory load on the system
#   Increase physical memory or swap space
#   Check if swap backing store is full
#   Decrease Java heap size (-Xmx/-Xms)
#   Decrease number of Java threads
#   Decrease Java thread stack sizes (-Xss)
#   Set larger code cache with -XX:ReservedCodeCacheSize=
#   JVM is running with Unscaled Compressed Oops mode in which the Java heap is
#     placed in the first 4GB address space. The Java Heap base address is the
#     maximum limit for the native heap growth. Please use -XX:HeapBaseMinAddress
#     to set the Java Heap base and to place the Java Heap above 4GB virtual address.
# This output file may be truncated or incomplete.
#
#  Out of Memory Error (os_windows.cpp:3732), pid=47888, tid=72484
#
# JRE version: OpenJDK Runtime Environment Temurin-21.0.12.1+1 (21.0.12.1+1) (build 21.0.12.1+1-LTS)
# Java VM: OpenJDK 64-Bit Server VM Temurin-21.0.12.1+1 (21.0.12.1+1-LTS, mixed mode, sharing, tiered, compressed oops, compressed class ptrs, g1 gc, windows-amd64)
# No core dump will be written. Minidumps are not enabled by default on client versions of Windows
#

---------------  S U M M A R Y ------------

Command Line: --add-opens=java.base/java.lang=ALL-UNNAMED --add-opens=java.base/java.lang.invoke=ALL-UNNAMED --add-opens=java.base/java.util=ALL-UNNAMED --add-opens=java.prefs/java.util.prefs=ALL-UNNAMED --add-exports=jdk.compiler/com.sun.tools.javac.api=ALL-UNNAMED --add-exports=jdk.compiler/com.sun.tools.javac.util=ALL-UNNAMED --add-opens=java.base/java.util=ALL-UNNAMED --add-opens=java.prefs/java.util.prefs=ALL-UNNAMED --add-opens=java.base/java.nio.charset=ALL-UNNAMED --add-opens=java.base/java.net=ALL-UNNAMED --add-opens=java.base/java.util.concurrent.atomic=ALL-UNNAMED --add-opens=java.xml/javax.xml.namespace=ALL-UNNAMED -Xmx2048m -Dfile.encoding=UTF-8 -Duser.country=US -Duser.language=en -Duser.variant -javaagent:C:\Users\User\.gradle\wrapper\dists\gradle-8.11.1-bin\bpt9gzteqjrbo1mjrsomdt32c\gradle-8.11.1\lib\agents\gradle-instrumentation-agent-8.11.1.jar org.gradle.launcher.daemon.bootstrap.GradleDaemon 8.11.1

Host: 11th Gen Intel(R) Core(TM) i5-1135G7 @ 2.40GHz, 8 cores, 11G,  Windows 11 , 64 bit Build 26100 (10.0.26100.9549)
Time: Sun Oct  4 19:06:48 2026 Sri Lanka Standard Time elapsed time: 96.573388 seconds (0d 0h 1m 36s)

---------------  T H R E A D  ---------------

Current thread (0x0000017bae54f1c0):  VMThread "VM Thread"          [id=72484, stack(0x000000487ce00000,0x000000487cf00000) (1024K)]

Stack: [0x000000487ce00000,0x000000487cf00000]
Native frames: (J=compiled Java code, j=interpreted, Vv=VM code, C=native code)
V  [jvm.dll+0x6d83e9]
V  [jvm.dll+0x8b5736]
V  [jvm.dll+0x8b7cee]
V  [jvm.dll+0x8b83d3]
V  [jvm.dll+0x284596]
V  [jvm.dll+0x6d4d05]
V  [jvm.dll+0x6c898a]
V  [jvm.dll+0x35f2f8]
V  [jvm.dll+0x366f36]
V  [jvm.dll+0x3b804e]
V  [jvm.dll+0x3b82f8]
V  [jvm.dll+0x33320c]
V  [jvm.dll+0x335a59]
V  [jvm.dll+0x33fcb6]
V  [jvm.dll+0x3753df]
V  [jvm.dll+0x8be0c0]
V  [jvm.dll+0x8bf434]
V  [jvm.dll+0x8bf960]
V  [jvm.dll+0x8bfc03]
V  [jvm.dll+0x8600cd]
V  [jvm.dll+0x6d6c1d]
C  [ucrtbase.dll+0x2cd30]
C  [KERNEL32.DLL+0x2cdf7]
C  [ntdll.dll+0x7ee4c]

VM_Operation (0x000000487c9ff530): G1PauseRemark, mode: safepoint, requested by thread 0x0000017b96e2b4b0


---------------  P R O C E S S  ---------------

Threads class SMR info:
_java_thread_list=0x0000017bf93d9c90, length=58, elements={
0x0000017b96dc2350, 0x0000017bae56d9d0, 0x0000017bae571160, 0x0000017bae574d00,
0x0000017bae577770, 0x0000017bae5781d0, 0x0000017bae578c30, 0x0000017bae57a9d0,
0x0000017bae582f10, 0x0000017bae7a9480, 0x0000017bae812e30, 0x0000017bf567d280,
0x0000017bf5651f30, 0x0000017bf58054f0, 0x0000017bf57fa510, 0x0000017bf57faf90,
0x0000017bf5b604e0, 0x0000017bf5b3f450, 0x0000017bf5884640, 0x0000017bf58811c0,
0x0000017bf5883fb0, 0x0000017bf5881850, 0x0000017bf5881ee0, 0x0000017bf5882570,
0x0000017bf5883290, 0x0000017bf7648f20, 0x0000017bf7645aa0, 0x0000017bf76474e0,
0x0000017bf76467c0, 0x0000017bf7646e50, 0x0000017bf7647b70, 0x0000017bf7648200,
0x0000017bf7646130, 0x0000017bf764a960, 0x0000017bf764aff0, 0x0000017bf764d0c0,
0x0000017bf6be4130, 0x0000017bf6be3410, 0x0000017bf6be3aa0, 0x0000017bf6be26f0,
0x0000017bf6be2d80, 0x0000017bf6be47c0, 0x0000017bf6be4e50, 0x0000017bf6be54e0,
0x0000017bf6be2060, 0x0000017bf6be8ff0, 0x0000017bf6be6200, 0x0000017bf6be8960,
0x0000017bf6be5b70, 0x0000017bf6be9680, 0x0000017bf6be75b0, 0x0000017bf6be6f20,
0x0000017bf6be7c40, 0x0000017bf6be82d0, 0x0000017bf779e5e0, 0x0000017bf779df50,
0x0000017bf779f300, 0x0000017bf77a0d40
}

Java Threads: ( => current thread )
  0x0000017b96dc2350 JavaThread "main"                              [_thread_blocked, id=66808, stack(0x000000487c700000,0x000000487c800000) (1024K)]
  0x0000017bae56d9d0 JavaThread "Reference Handler"          daemon [_thread_blocked, id=70684, stack(0x000000487cf00000,0x000000487d000000) (1024K)]
  0x0000017bae571160 JavaThread "Finalizer"                  daemon [_thread_blocked, id=69544, stack(0x000000487d000000,0x000000487d100000) (1024K)]
  0x0000017bae574d00 JavaThread "Signal Dispatcher"          daemon [_thread_blocked, id=69744, stack(0x000000487d100000,0x000000487d200000) (1024K)]
  0x0000017bae577770 JavaThread "Attach Listener"            daemon [_thread_blocked, id=57764, stack(0x000000487d200000,0x000000487d300000) (1024K)]
  0x0000017bae5781d0 JavaThread "Service Thread"             daemon [_thread_blocked, id=72504, stack(0x000000487d300000,0x000000487d400000) (1024K)]
  0x0000017bae578c30 JavaThread "Monitor Deflation Thread"   daemon [_thread_blocked, id=73156, stack(0x000000487d400000,0x000000487d500000) (1024K)]
  0x0000017bae57a9d0 JavaThread "C2 CompilerThread0"         daemon [_thread_blocked, id=73040, stack(0x000000487d500000,0x000000487d600000) (1024K)]
  0x0000017bae582f10 JavaThread "C1 CompilerThread0"         daemon [_thread_blocked, id=59468, stack(0x000000487d600000,0x000000487d700000) (1024K)]
  0x0000017bae7a9480 JavaThread "Common-Cleaner"             daemon [_thread_blocked, id=61304, stack(0x000000487d700000,0x000000487d800000) (1024K)]
  0x0000017bae812e30 JavaThread "Notification Thread"        daemon [_thread_blocked, id=34984, stack(0x000000487d800000,0x000000487d900000) (1024K)]
  0x0000017bf567d280 JavaThread "Daemon health stats"               [_thread_blocked, id=68404, stack(0x000000487df00000,0x000000487e000000) (1024K)]
  0x0000017bf5651f30 JavaThread "Incoming local TCP Connector on port 9098"        [_thread_in_native, id=64240, stack(0x000000487e000000,0x000000487e100000) (1024K)]
  0x0000017bf58054f0 JavaThread "Daemon periodic checks"            [_thread_blocked, id=69008, stack(0x000000487d900000,0x000000487da00000) (1024K)]
  0x0000017bf57fa510 JavaThread "Daemon"                            [_thread_blocked, id=54792, stack(0x000000487e100000,0x000000487e200000) (1024K)]
  0x0000017bf57faf90 JavaThread "Handler for socket connection from /127.0.0.1:9098 to /127.0.0.1:9103"        [_thread_in_native, id=71140, stack(0x000000487e200000,0x000000487e300000) (1024K)]
  0x0000017bf5b604e0 JavaThread "Cancel handler"                    [_thread_blocked, id=70136, stack(0x000000487e300000,0x000000487e400000) (1024K)]
  0x0000017bf5b3f450 JavaThread "Daemon worker"                     [_thread_blocked, id=72400, stack(0x000000487e400000,0x000000487e500000) (1024K)]
  0x0000017bf5884640 JavaThread "Asynchronous log dispatcher for DefaultDaemonConnection: socket connection from /127.0.0.1:9098 to /127.0.0.1:9103"        [_thread_blocked, id=73096, stack(0x000000487e600000,0x000000487e700000) (1024K)]
  0x0000017bf58811c0 JavaThread "Stdin handler"                     [_thread_blocked, id=72584, stack(0x000000487e700000,0x000000487e800000) (1024K)]
  0x0000017bf5883fb0 JavaThread "Daemon client event forwarder"        [_thread_blocked, id=12048, stack(0x000000487e800000,0x000000487e900000) (1024K)]
  0x0000017bf5881850 JavaThread "Cache worker for journal cache (C:\Users\User\.gradle\caches\journal-1)"        [_thread_blocked, id=24868, stack(0x000000487e500000,0x000000487e600000) (1024K)]
  0x0000017bf5881ee0 JavaThread "File lock request listener"        [_thread_in_native, id=63368, stack(0x000000487e900000,0x000000487ea00000) (1024K)]
  0x0000017bf5882570 JavaThread "Cache worker for file hash cache (C:\Users\User\.gradle\caches\8.11.1\fileHashes)"        [_thread_blocked, id=71240, stack(0x000000487ea00000,0x000000487eb00000) (1024K)]
  0x0000017bf5883290 JavaThread "Cache worker for file content cache (C:\Users\User\.gradle\caches\8.11.1\fileContent)"        [_thread_blocked, id=70164, stack(0x000000487eb00000,0x000000487ec00000) (1024K)]
  0x0000017bf7648f20 JavaThread "File lock release action executor Thread 2"        [_thread_blocked, id=68088, stack(0x000000487ed00000,0x000000487ee00000) (1024K)]
  0x0000017bf7645aa0 JavaThread "Cache worker for file hash cache (C:\EAD Project\SmartSolarMicrogrid\mobile-client\.gradle\8.11.1\fileHashes)"        [_thread_blocked, id=71988, stack(0x000000487f100000,0x000000487f200000) (1024K)]
  0x0000017bf76474e0 JavaThread "Cache worker for Build Output Cleanup Cache (C:\EAD Project\SmartSolarMicrogrid\mobile-client\.gradle\buildOutputCleanup)"        [_thread_blocked, id=72100, stack(0x000000487f200000,0x000000487f300000) (1024K)]
  0x0000017bf76467c0 JavaThread "File watcher server"        daemon [_thread_in_native, id=71668, stack(0x000000487f300000,0x000000487f400000) (1024K)]
  0x0000017bf7646e50 JavaThread "File watcher consumer"      daemon [_thread_blocked, id=67756, stack(0x000000487f400000,0x000000487f500000) (1024K)]
  0x0000017bf7647b70 JavaThread "Cache worker for checksums cache (C:\EAD Project\SmartSolarMicrogrid\mobile-client\.gradle\8.11.1\checksums)"        [_thread_blocked, id=47016, stack(0x000000487f500000,0x000000487f600000) (1024K)]
  0x0000017bf7648200 JavaThread "Cache worker for cache directory md-rule (C:\Users\User\.gradle\caches\8.11.1\md-rule)"        [_thread_blocked, id=45644, stack(0x000000487f700000,0x000000487f800000) (1024K)]
  0x0000017bf7646130 JavaThread "Cache worker for cache directory md-supplier (C:\Users\User\.gradle\caches\8.11.1\md-supplier)"        [_thread_blocked, id=63612, stack(0x000000487f600000,0x000000487f700000) (1024K)]
  0x0000017bf764a960 JavaThread "jar transforms"                    [_thread_blocked, id=67124, stack(0x000000487f900000,0x000000487fa00000) (1024K)]
  0x0000017bf764aff0 JavaThread "jar transforms Thread 2"           [_thread_blocked, id=63700, stack(0x000000487fa00000,0x000000487fb00000) (1024K)]
  0x0000017bf764d0c0 JavaThread "Unconstrained build operations"        [_thread_blocked, id=61660, stack(0x000000487f800000,0x000000487f900000) (1024K)]
  0x0000017bf6be4130 JavaThread "Unconstrained build operations Thread 2"        [_thread_blocked, id=59572, stack(0x000000487fb00000,0x000000487fc00000) (1024K)]
  0x0000017bf6be3410 JavaThread "Unconstrained build operations Thread 3"        [_thread_blocked, id=38548, stack(0x000000487fc00000,0x000000487fd00000) (1024K)]
  0x0000017bf6be3aa0 JavaThread "Unconstrained build operations Thread 4"        [_thread_blocked, id=35688, stack(0x000000487fd00000,0x000000487fe00000) (1024K)]
  0x0000017bf6be26f0 JavaThread "Unconstrained build operations Thread 5"        [_thread_blocked, id=57316, stack(0x000000487fe00000,0x000000487ff00000) (1024K)]
  0x0000017bf6be2d80 JavaThread "Unconstrained build operations Thread 6"        [_thread_blocked, id=56412, stack(0x000000487ff00000,0x0000004880000000) (1024K)]
  0x0000017bf6be47c0 JavaThread "Unconstrained build operations Thread 7"        [_thread_blocked, id=54336, stack(0x0000004800000000,0x0000004800100000) (1024K)]
  0x0000017bf6be4e50 JavaThread "Unconstrained build operations Thread 8"        [_thread_blocked, id=56972, stack(0x0000004800100000,0x0000004800200000) (1024K)]
  0x0000017bf6be54e0 JavaThread "Unconstrained build operations Thread 9"        [_thread_blocked, id=27976, stack(0x0000004800200000,0x0000004800300000) (1024K)]
  0x0000017bf6be2060 JavaThread "Unconstrained build operations Thread 10"        [_thread_blocked, id=52880, stack(0x0000004800300000,0x0000004800400000) (1024K)]
  0x0000017bf6be8ff0 JavaThread "Unconstrained build operations Thread 11"        [_thread_blocked, id=30784, stack(0x0000004800400000,0x0000004800500000) (1024K)]
  0x0000017bf6be6200 JavaThread "Unconstrained build operations Thread 12"        [_thread_blocked, id=38032, stack(0x0000004800500000,0x0000004800600000) (1024K)]
  0x0000017bf6be8960 JavaThread "Unconstrained build operations Thread 13"        [_thread_blocked, id=66312, stack(0x0000004800600000,0x0000004800700000) (1024K)]
  0x0000017bf6be5b70 JavaThread "Unconstrained build operations Thread 14"        [_thread_blocked, id=38412, stack(0x0000004800700000,0x0000004800800000) (1024K)]
  0x0000017bf6be9680 JavaThread "Unconstrained build operations Thread 15"        [_thread_blocked, id=58516, stack(0x0000004800800000,0x0000004800900000) (1024K)]
  0x0000017bf6be75b0 JavaThread "Unconstrained build operations Thread 16"        [_thread_blocked, id=66720, stack(0x0000004800900000,0x0000004800a00000) (1024K)]
  0x0000017bf6be6f20 JavaThread "Unconstrained build operations Thread 17"        [_thread_blocked, id=35524, stack(0x0000004800a00000,0x0000004800b00000) (1024K)]
  0x0000017bf6be7c40 JavaThread "Unconstrained build operations Thread 18"        [_thread_blocked, id=49928, stack(0x0000004800b00000,0x0000004800c00000) (1024K)]
  0x0000017bf6be82d0 JavaThread "Unconstrained build operations Thread 19"        [_thread_blocked, id=26940, stack(0x0000004800c00000,0x0000004800d00000) (1024K)]
  0x0000017bf779e5e0 JavaThread "Unconstrained build operations Thread 20"        [_thread_blocked, id=1348, stack(0x0000004800d00000,0x0000004800e00000) (1024K)]
  0x0000017bf779df50 JavaThread "Unconstrained build operations Thread 21"        [_thread_blocked, id=63548, stack(0x0000004800e00000,0x0000004800f00000) (1024K)]
  0x0000017bf779f300 JavaThread "Memory manager"                    [_thread_blocked, id=55972, stack(0x0000004800f00000,0x0000004801000000) (1024K)]
  0x0000017bf77a0d40 JavaThread "build event listener"              [_thread_blocked, id=49436, stack(0x0000004801000000,0x0000004801100000) (1024K)]
Total: 58

Other Threads:
=>0x0000017bae54f1c0 VMThread "VM Thread"                           [id=72484, stack(0x000000487ce00000,0x000000487cf00000) (1024K)]
  0x0000017bae53f270 WatcherThread "VM Periodic Task Thread"        [id=69536, stack(0x000000487cd00000,0x000000487ce00000) (1024K)]
  0x0000017b96e1a5b0 WorkerThread "GC Thread#0"                     [id=71684, stack(0x000000487c800000,0x000000487c900000) (1024K)]
  0x0000017bf42589e0 WorkerThread "GC Thread#1"                     [id=64752, stack(0x000000487da00000,0x000000487db00000) (1024K)]
  0x0000017bf4227b50 WorkerThread "GC Thread#2"                     [id=64644, stack(0x000000487db00000,0x000000487dc00000) (1024K)]
  0x0000017bf4227f00 WorkerThread "GC Thread#3"                     [id=69836, stack(0x000000487dc00000,0x000000487dd00000) (1024K)]
  0x0000017bae75d350 WorkerThread "GC Thread#4"                     [id=67912, stack(0x000000487dd00000,0x000000487de00000) (1024K)]
  0x0000017bf56fe210 WorkerThread "GC Thread#5"                     [id=72308, stack(0x000000487de00000,0x000000487df00000) (1024K)]
  0x0000017bf74d95c0 WorkerThread "GC Thread#6"                     [id=68752, stack(0x000000487ee00000,0x000000487ef00000) (1024K)]
  0x0000017bf74da0d0 WorkerThread "GC Thread#7"                     [id=68804, stack(0x000000487ef00000,0x000000487f000000) (1024K)]
  0x0000017b96e2b4b0 ConcurrentGCThread "G1 Main Marker"            [id=73616, stack(0x000000487c900000,0x000000487ca00000) (1024K)]
  0x0000017b96e2bed0 WorkerThread "G1 Conc#0"                       [id=71032, stack(0x000000487ca00000,0x000000487cb00000) (1024K)]
  0x0000017bf74d8ab0 WorkerThread "G1 Conc#1"                       [id=61752, stack(0x000000487f000000,0x000000487f100000) (1024K)]
  0x0000017bae40c5f0 ConcurrentGCThread "G1 Refine#0"               [id=47848, stack(0x000000487cb00000,0x000000487cc00000) (1024K)]
  0x0000017bae40cf20 ConcurrentGCThread "G1 Service"                [id=69784, stack(0x000000487cc00000,0x000000487cd00000) (1024K)]
Total: 15

Threads with active compile tasks:
Total: 0

VM state: at safepoint (normal execution)

VM Mutex/Monitor currently owned by a thread:  ([mutex/lock_event])
[0x00007ff825bef5b0] Threads_lock - owner thread: 0x0000017bae54f1c0
[0x00007ff825bef6b0] Heap_lock - owner thread: 0x0000017b96e2b4b0

Heap address: 0x0000000080000000, size: 2048 MB, Compressed Oops mode: 32-bit

CDS archive(s) mapped at: [0x0000017baf000000-0x0000017bafba0000-0x0000017bafba0000), size 12189696, SharedBaseAddress: 0x0000017baf000000, ArchiveRelocationMode: 1.
Compressed class space mapped at: 0x0000017bb0000000-0x0000017bf0000000, reserved size: 1073741824
Narrow klass base: 0x0000017baf000000, Narrow klass shift: 0, Narrow klass range: 0x100000000

GC Precious Log:
 CardTable entry size: 512
 Card Set container configuration: InlinePtr #cards 5 size 8 Array Of Cards #cards 12 size 40 Howl #buckets 4 coarsen threshold 1843 Howl Bitmap #cards 512 size 80 coarsen threshold 460 Card regions per heap region 1 cards per card region 2048
 CPUs: 8 total, 8 available
 Memory: 12028M
 Large Page Support: Disabled
 NUMA Support: Disabled
 Compressed Oops: Enabled (32-bit)
 Heap Region Size: 1M
 Heap Min Capacity: 8M
 Heap Initial Capacity: 188M
 Heap Max Capacity: 2G
 Pre-touch: Disabled
 Parallel Workers: 8
 Concurrent Workers: 2
 Concurrent Refinement Workers: 8
 Periodic GC: Disabled

Heap:
 garbage-first heap   total 134144K, used 92142K [0x0000000080000000, 0x0000000100000000)
  region size 1024K, 6 young (6144K), 4 survivors (4096K)
 Metaspace       used 80235K, committed 82368K, reserved 1179648K
  class space    used 11170K, committed 12224K, reserved 1048576K

Heap Regions: E=young(eden), S=young(survivor), O=old, HS=humongous(starts), HC=humongous(continues), CS=collection set, F=free, TAMS=top-at-mark-start, PB=parsable bottom
|   0|0x0000000080000000, 0x0000000080100000, 0x0000000080100000|100%| O|  |TAMS 0x0000000080100000| PB 0x0000000080100000| Updating 
|   1|0x0000000080100000, 0x0000000080200000, 0x0000000080200000|100%|HS|  |TAMS 0x0000000080200000| PB 0x0000000080100000| Complete 
|   2|0x0000000080200000, 0x0000000080300000, 0x0000000080300000|100%|HC|  |TAMS 0x0000000080300000| PB 0x0000000080200000| Complete 
|   3|0x0000000080300000, 0x0000000080400000, 0x0000000080400000|100%|HC|  |TAMS 0x0000000080400000| PB 0x0000000080300000| Complete 
|   4|0x0000000080400000, 0x0000000080500000, 0x0000000080500000|100%| O|  |TAMS 0x0000000080500000| PB 0x0000000080500000| Updating 
|   5|0x0000000080500000, 0x0000000080600000, 0x0000000080600000|100%| O|  |TAMS 0x0000000080600000| PB 0x0000000080600000| Untracked 
|   6|0x0000000080600000, 0x0000000080700000, 0x0000000080700000|100%| O|  |TAMS 0x0000000080700000| PB 0x0000000080700000| Untracked 
|   7|0x0000000080700000, 0x0000000080800000, 0x0000000080800000|100%|HS|  |TAMS 0x0000000080800000| PB 0x0000000080700000| Complete 
|   8|0x0000000080800000, 0x0000000080900000, 0x0000000080900000|100%| O|  |TAMS 0x0000000080900000| PB 0x0000000080900000| Untracked 
|   9|0x0000000080900000, 0x0000000080a00000, 0x0000000080a00000|100%| O|  |TAMS 0x0000000080a00000| PB 0x0000000080a00000| Untracked 
|  10|0x0000000080a00000, 0x0000000080b00000, 0x0000000080b00000|100%| O|  |TAMS 0x0000000080b00000| PB 0x0000000080b00000| Untracked 
|  11|0x0000000080b00000, 0x0000000080c00000, 0x0000000080c00000|100%| O|  |TAMS 0x0000000080c00000| PB 0x0000000080c00000| Untracked 
|  12|0x0000000080c00000, 0x0000000080d00000, 0x0000000080d00000|100%| O|  |TAMS 0x0000000080d00000| PB 0x0000000080d00000| Untracked 
|  13|0x0000000080d00000, 0x0000000080e00000, 0x0000000080e00000|100%| O|  |TAMS 0x0000000080e00000| PB 0x0000000080e00000| Untracked 
|  14|0x0000000080e00000, 0x0000000080f00000, 0x0000000080f00000|100%| O|  |TAMS 0x0000000080f00000| PB 0x0000000080f00000| Untracked 
|  15|0x0000000080f00000, 0x0000000081000000, 0x0000000081000000|100%| O|  |TAMS 0x0000000081000000| PB 0x0000000081000000| Untracked 
|  16|0x0000000081000000, 0x0000000081100000, 0x0000000081100000|100%| O|  |TAMS 0x0000000081100000| PB 0x0000000081100000| Untracked 
|  17|0x0000000081100000, 0x0000000081200000, 0x0000000081200000|100%| O|  |TAMS 0x0000000081200000| PB 0x0000000081200000| Updating 
|  18|0x0000000081200000, 0x0000000081300000, 0x0000000081300000|100%| O|  |TAMS 0x0000000081300000| PB 0x0000000081300000| Untracked 
|  19|0x0000000081300000, 0x0000000081400000, 0x0000000081400000|100%| O|  |TAMS 0x0000000081400000| PB 0x0000000081400000| Untracked 
|  20|0x0000000081400000, 0x0000000081500000, 0x0000000081500000|100%| O|  |TAMS 0x0000000081500000| PB 0x0000000081500000| Untracked 
|  21|0x0000000081500000, 0x0000000081600000, 0x0000000081600000|100%| O|  |TAMS 0x0000000081600000| PB 0x0000000081600000| Updating 
|  22|0x0000000081600000, 0x0000000081700000, 0x0000000081700000|100%| O|  |TAMS 0x0000000081700000| PB 0x0000000081700000| Untracked 
|  23|0x0000000081700000, 0x0000000081800000, 0x0000000081800000|100%| O|  |TAMS 0x0000000081800000| PB 0x0000000081800000| Untracked 
|  24|0x0000000081800000, 0x0000000081900000, 0x0000000081900000|100%| O|  |TAMS 0x0000000081900000| PB 0x0000000081900000| Untracked 
|  25|0x0000000081900000, 0x0000000081a00000, 0x0000000081a00000|100%| O|  |TAMS 0x0000000081a00000| PB 0x0000000081a00000| Untracked 
|  26|0x0000000081a00000, 0x0000000081b00000, 0x0000000081b00000|100%| O|  |TAMS 0x0000000081b00000| PB 0x0000000081b00000| Untracked 
|  27|0x0000000081b00000, 0x0000000081c00000, 0x0000000081c00000|100%| O|  |TAMS 0x0000000081b00000| PB 0x0000000081b00000| Untracked 
|  28|0x0000000081c00000, 0x0000000081d00000, 0x0000000081d00000|100%| O|  |TAMS 0x0000000081d00000| PB 0x0000000081d00000| Updating 
|  29|0x0000000081d00000, 0x0000000081e00000, 0x0000000081e00000|100%| O|  |TAMS 0x0000000081e00000| PB 0x0000000081e00000| Untracked 
|  30|0x0000000081e00000, 0x0000000081f00000, 0x0000000081f00000|100%| O|  |TAMS 0x0000000081f00000| PB 0x0000000081f00000| Untracked 
|  31|0x0000000081f00000, 0x0000000082000000, 0x0000000082000000|100%| O|  |TAMS 0x0000000082000000| PB 0x0000000082000000| Untracked 
|  32|0x0000000082000000, 0x0000000082100000, 0x0000000082100000|100%| O|  |TAMS 0x0000000082100000| PB 0x0000000082100000| Untracked 
|  33|0x0000000082100000, 0x0000000082200000, 0x0000000082200000|100%| O|  |TAMS 0x0000000082200000| PB 0x0000000082200000| Updating 
|  34|0x0000000082200000, 0x0000000082300000, 0x0000000082300000|100%|HS|  |TAMS 0x0000000082300000| PB 0x0000000082200000| Complete 
|  35|0x0000000082300000, 0x0000000082400000, 0x0000000082400000|100%|HS|  |TAMS 0x0000000082400000| PB 0x0000000082300000| Complete 
|  36|0x0000000082400000, 0x0000000082500000, 0x0000000082500000|100%|HS|  |TAMS 0x0000000082500000| PB 0x0000000082400000| Complete 
|  37|0x0000000082500000, 0x0000000082600000, 0x0000000082600000|100%|HC|  |TAMS 0x0000000082600000| PB 0x0000000082500000| Complete 
|  38|0x0000000082600000, 0x0000000082700000, 0x0000000082700000|100%|HS|  |TAMS 0x0000000082700000| PB 0x0000000082600000| Complete 
|  39|0x0000000082700000, 0x0000000082800000, 0x0000000082800000|100%|HC|  |TAMS 0x0000000082800000| PB 0x0000000082700000| Complete 
|  40|0x0000000082800000, 0x0000000082900000, 0x0000000082900000|100%|HS|  |TAMS 0x0000000082900000| PB 0x0000000082800000| Complete 
|  41|0x0000000082900000, 0x0000000082a00000, 0x0000000082a00000|100%|HS|  |TAMS 0x0000000082a00000| PB 0x0000000082900000| Complete 
|  42|0x0000000082a00000, 0x0000000082b00000, 0x0000000082b00000|100%|HC|  |TAMS 0x0000000082b00000| PB 0x0000000082a00000| Complete 
|  43|0x0000000082b00000, 0x0000000082c00000, 0x0000000082c00000|100%|HC|  |TAMS 0x0000000082c00000| PB 0x0000000082b00000| Complete 
|  44|0x0000000082c00000, 0x0000000082d00000, 0x0000000082d00000|100%|HS|  |TAMS 0x0000000082d00000| PB 0x0000000082c00000| Complete 
|  45|0x0000000082d00000, 0x0000000082e00000, 0x0000000082e00000|100%| O|  |TAMS 0x0000000082e00000| PB 0x0000000082e00000| Untracked 
|  46|0x0000000082e00000, 0x0000000082f00000, 0x0000000082f00000|100%|HS|  |TAMS 0x0000000082f00000| PB 0x0000000082e00000| Complete 
|  47|0x0000000082f00000, 0x0000000083000000, 0x0000000083000000|100%|HS|  |TAMS 0x0000000083000000| PB 0x0000000082f00000| Complete 
|  48|0x0000000083000000, 0x0000000083100000, 0x0000000083100000|100%| O|  |TAMS 0x0000000083100000| PB 0x0000000083100000| Untracked 
|  49|0x0000000083100000, 0x0000000083200000, 0x0000000083200000|100%| O|  |TAMS 0x0000000083200000| PB 0x0000000083200000| Untracked 
|  50|0x0000000083200000, 0x0000000083300000, 0x0000000083300000|100%| O|  |TAMS 0x0000000083300000| PB 0x0000000083300000| Untracked 
|  51|0x0000000083300000, 0x0000000083400000, 0x0000000083400000|100%| O|  |TAMS 0x0000000083400000| PB 0x0000000083400000| Untracked 
|  52|0x0000000083400000, 0x0000000083500000, 0x0000000083500000|100%| O|  |TAMS 0x0000000083500000| PB 0x0000000083500000| Untracked 
|  53|0x0000000083500000, 0x0000000083600000, 0x0000000083600000|100%| O|  |TAMS 0x0000000083500000| PB 0x0000000083500000| Untracked 
|  54|0x0000000083600000, 0x0000000083700000, 0x0000000083700000|100%| O|  |TAMS 0x0000000083700000| PB 0x0000000083700000| Untracked 
|  55|0x0000000083700000, 0x0000000083800000, 0x0000000083800000|100%| O|  |TAMS 0x0000000083800000| PB 0x0000000083800000| Untracked 
|  56|0x0000000083800000, 0x0000000083900000, 0x0000000083900000|100%| O|  |TAMS 0x0000000083900000| PB 0x0000000083900000| Untracked 
|  57|0x0000000083900000, 0x0000000083a00000, 0x0000000083a00000|100%| O|  |TAMS 0x0000000083a00000| PB 0x0000000083a00000| Untracked 
|  58|0x0000000083a00000, 0x0000000083b00000, 0x0000000083b00000|100%| O|  |TAMS 0x0000000083b00000| PB 0x0000000083b00000| Untracked 
|  59|0x0000000083b00000, 0x0000000083c00000, 0x0000000083c00000|100%|HS|  |TAMS 0x0000000083c00000| PB 0x0000000083b00000| Complete 
|  60|0x0000000083c00000, 0x0000000083d00000, 0x0000000083d00000|100%| O|  |TAMS 0x0000000083d00000| PB 0x0000000083d00000| Untracked 
|  61|0x0000000083d00000, 0x0000000083e00000, 0x0000000083e00000|100%| O|  |TAMS 0x0000000083e00000| PB 0x0000000083e00000| Updating 
|  62|0x0000000083e00000, 0x0000000083f00000, 0x0000000083f00000|100%|HS|  |TAMS 0x0000000083f00000| PB 0x0000000083e00000| Complete 
|  63|0x0000000083f00000, 0x0000000084000000, 0x0000000084000000|100%|HC|  |TAMS 0x0000000084000000| PB 0x0000000083f00000| Complete 
|  64|0x0000000084000000, 0x0000000084100000, 0x0000000084100000|100%|HC|  |TAMS 0x0000000084100000| PB 0x0000000084000000| Complete 
|  65|0x0000000084100000, 0x0000000084200000, 0x0000000084200000|100%| O|  |TAMS 0x0000000084200000| PB 0x0000000084200000| Untracked 
|  66|0x0000000084200000, 0x0000000084300000, 0x0000000084300000|100%| O|  |TAMS 0x0000000084300000| PB 0x0000000084300000| Updating 
|  67|0x0000000084300000, 0x0000000084300000, 0x0000000084400000|  0%| F|  |TAMS 0x0000000084300000| PB 0x0000000084300000| Untracked 
|  68|0x0000000084400000, 0x0000000084400000, 0x0000000084500000|  0%| F|  |TAMS 0x0000000084400000| PB 0x0000000084400000| Untracked 
|  69|0x0000000084500000, 0x0000000084500000, 0x0000000084600000|  0%| F|  |TAMS 0x0000000084500000| PB 0x0000000084500000| Untracked 
|  70|0x0000000084600000, 0x0000000084600000, 0x0000000084700000|  0%| F|  |TAMS 0x0000000084600000| PB 0x0000000084600000| Untracked 
|  71|0x0000000084700000, 0x0000000084700000, 0x0000000084800000|  0%| F|  |TAMS 0x0000000084700000| PB 0x0000000084700000| Untracked 
|  72|0x0000000084800000, 0x0000000084800000, 0x0000000084900000|  0%| F|  |TAMS 0x0000000084800000| PB 0x0000000084800000| Untracked 
|  73|0x0000000084900000, 0x0000000084a00000, 0x0000000084a00000|100%| O|  |TAMS 0x0000000084900000| PB 0x0000000084900000| Untracked 
|  74|0x0000000084a00000, 0x0000000084b00000, 0x0000000084b00000|100%| O|  |TAMS 0x0000000084a00000| PB 0x0000000084a00000| Untracked 
|  75|0x0000000084b00000, 0x0000000084c00000, 0x0000000084c00000|100%| O|  |TAMS 0x0000000084b00000| PB 0x0000000084b00000| Untracked 
|  76|0x0000000084c00000, 0x0000000084c7f0c0, 0x0000000084d00000| 49%| O|  |TAMS 0x0000000084c00000| PB 0x0000000084c00000| Updating 
|  77|0x0000000084d00000, 0x0000000084d00000, 0x0000000084e00000|  0%| F|  |TAMS 0x0000000084d00000| PB 0x0000000084d00000| Untracked 
|  78|0x0000000084e00000, 0x0000000084e7c8c0, 0x0000000084f00000| 48%| S|CS|TAMS 0x0000000084e00000| PB 0x0000000084e00000| Complete 
|  79|0x0000000084f00000, 0x0000000085000000, 0x0000000085000000|100%| S|CS|TAMS 0x0000000084f00000| PB 0x0000000084f00000| Complete 
|  80|0x0000000085000000, 0x0000000085100000, 0x0000000085100000|100%| S|CS|TAMS 0x0000000085000000| PB 0x0000000085000000| Complete 
|  81|0x0000000085100000, 0x0000000085200000, 0x0000000085200000|100%| S|CS|TAMS 0x0000000085100000| PB 0x0000000085100000| Complete 
|  82|0x0000000085200000, 0x0000000085200000, 0x0000000085300000|  0%| F|  |TAMS 0x0000000085200000| PB 0x0000000085200000| Untracked 
|  83|0x0000000085300000, 0x0000000085300000, 0x0000000085400000|  0%| F|  |TAMS 0x0000000085300000| PB 0x0000000085300000| Untracked 
|  84|0x0000000085400000, 0x0000000085400000, 0x0000000085500000|  0%| F|  |TAMS 0x0000000085400000| PB 0x0000000085400000| Untracked 
|  85|0x0000000085500000, 0x0000000085500000, 0x0000000085600000|  0%| F|  |TAMS 0x0000000085500000| PB 0x0000000085500000| Untracked 
|  86|0x0000000085600000, 0x0000000085600000, 0x0000000085700000|  0%| F|  |TAMS 0x0000000085600000| PB 0x0000000085600000| Untracked 
|  87|0x0000000085700000, 0x0000000085700000, 0x0000000085800000|  0%| F|  |TAMS 0x0000000085700000| PB 0x0000000085700000| Untracked 
|  88|0x0000000085800000, 0x0000000085800000, 0x0000000085900000|  0%| F|  |TAMS 0x0000000085800000| PB 0x0000000085800000| Untracked 
|  89|0x0000000085900000, 0x0000000085900000, 0x0000000085a00000|  0%| F|  |TAMS 0x0000000085900000| PB 0x0000000085900000| Untracked 
|  90|0x0000000085a00000, 0x0000000085a00000, 0x0000000085b00000|  0%| F|  |TAMS 0x0000000085a00000| PB 0x0000000085a00000| Untracked 
|  91|0x0000000085b00000, 0x0000000085b00000, 0x0000000085c00000|  0%| F|  |TAMS 0x0000000085b00000| PB 0x0000000085b00000| Untracked 
|  92|0x0000000085c00000, 0x0000000085c00000, 0x0000000085d00000|  0%| F|  |TAMS 0x0000000085c00000| PB 0x0000000085c00000| Untracked 
|  93|0x0000000085d00000, 0x0000000085d00000, 0x0000000085e00000|  0%| F|  |TAMS 0x0000000085d00000| PB 0x0000000085d00000| Untracked 
|  94|0x0000000085e00000, 0x0000000085e00000, 0x0000000085f00000|  0%| F|  |TAMS 0x0000000085e00000| PB 0x0000000085e00000| Untracked 
|  95|0x0000000085f00000, 0x0000000085f00000, 0x0000000086000000|  0%| F|  |TAMS 0x0000000085f00000| PB 0x0000000085f00000| Untracked 
|  96|0x0000000086000000, 0x0000000086000000, 0x0000000086100000|  0%| F|  |TAMS 0x0000000086000000| PB 0x0000000086000000| Untracked 
|  97|0x0000000086100000, 0x0000000086100000, 0x0000000086200000|  0%| F|  |TAMS 0x0000000086100000| PB 0x0000000086100000| Untracked 
|  98|0x0000000086200000, 0x0000000086200000, 0x0000000086300000|  0%| F|  |TAMS 0x0000000086200000| PB 0x0000000086200000| Untracked 
|  99|0x0000000086300000, 0x0000000086300000, 0x0000000086400000|  0%| F|  |TAMS 0x0000000086300000| PB 0x0000000086300000| Untracked 
| 100|0x0000000086400000, 0x0000000086400000, 0x0000000086500000|  0%| F|  |TAMS 0x0000000086400000| PB 0x0000000086400000| Untracked 
| 101|0x0000000086500000, 0x0000000086500000, 0x0000000086600000|  0%| F|  |TAMS 0x0000000086500000| PB 0x0000000086500000| Untracked 
| 102|0x0000000086600000, 0x0000000086600000, 0x0000000086700000|  0%| F|  |TAMS 0x0000000086600000| PB 0x0000000086600000| Untracked 
| 103|0x0000000086700000, 0x0000000086700000, 0x0000000086800000|  0%| F|  |TAMS 0x0000000086700000| PB 0x0000000086700000| Untracked 
| 104|0x0000000086800000, 0x0000000086800000, 0x0000000086900000|  0%| F|  |TAMS 0x0000000086800000| PB 0x0000000086800000| Untracked 
| 105|0x0000000086900000, 0x0000000086900000, 0x0000000086a00000|  0%| F|  |TAMS 0x0000000086900000| PB 0x0000000086900000| Untracked 
| 106|0x0000000086a00000, 0x0000000086a00000, 0x0000000086b00000|  0%| F|  |TAMS 0x0000000086a00000| PB 0x0000000086a00000| Untracked 
| 107|0x0000000086b00000, 0x0000000086b00000, 0x0000000086c00000|  0%| F|  |TAMS 0x0000000086b00000| PB 0x0000000086b00000| Untracked 
| 108|0x0000000086c00000, 0x0000000086c00000, 0x0000000086d00000|  0%| F|  |TAMS 0x0000000086c00000| PB 0x0000000086c00000| Untracked 
| 109|0x0000000086d00000, 0x0000000086d00000, 0x0000000086e00000|  0%| F|  |TAMS 0x0000000086d00000| PB 0x0000000086d00000| Untracked 
| 110|0x0000000086e00000, 0x0000000086e00000, 0x0000000086f00000|  0%| F|  |TAMS 0x0000000086e00000| PB 0x0000000086e00000| Untracked 
| 111|0x0000000086f00000, 0x0000000086f00000, 0x0000000087000000|  0%| F|  |TAMS 0x0000000086f00000| PB 0x0000000086f00000| Untracked 
| 112|0x0000000087000000, 0x0000000087000000, 0x0000000087100000|  0%| F|  |TAMS 0x0000000087000000| PB 0x0000000087000000| Untracked 
| 187|0x000000008bb00000, 0x000000008bb00000, 0x000000008bc00000|  0%| F|  |TAMS 0x000000008bb00000| PB 0x000000008bb00000| Untracked 
|2031|0x00000000fef00000, 0x00000000ff000000, 0x00000000ff000000|100%| O|  |TAMS 0x00000000fefe0780| PB 0x00000000fefe0780| Updating 
|2032|0x00000000ff000000, 0x00000000ff100000, 0x00000000ff100000|100%| O|  |TAMS 0x00000000ff100000| PB 0x00000000ff100000| Updating 
|2033|0x00000000ff100000, 0x00000000ff200000, 0x00000000ff200000|100%| O|  |TAMS 0x00000000ff200000| PB 0x00000000ff200000| Untracked 
|2034|0x00000000ff200000, 0x00000000ff300000, 0x00000000ff300000|100%| O|  |TAMS 0x00000000ff300000| PB 0x00000000ff300000| Updating 
|2035|0x00000000ff300000, 0x00000000ff380000, 0x00000000ff400000| 50%| E|  |TAMS 0x00000000ff300000| PB 0x00000000ff300000| Complete 
|2036|0x00000000ff400000, 0x00000000ff500000, 0x00000000ff500000|100%| E|CS|TAMS 0x00000000ff400000| PB 0x00000000ff400000| Complete 
|2037|0x00000000ff500000, 0x00000000ff600000, 0x00000000ff600000|100%| O|  |TAMS 0x00000000ff600000| PB 0x00000000ff600000| Untracked 
|2038|0x00000000ff600000, 0x00000000ff700000, 0x00000000ff700000|100%| O|  |TAMS 0x00000000ff700000| PB 0x00000000ff700000| Untracked 
|2039|0x00000000ff700000, 0x00000000ff800000, 0x00000000ff800000|100%| O|  |TAMS 0x00000000ff800000| PB 0x00000000ff800000| Untracked 
|2040|0x00000000ff800000, 0x00000000ff900000, 0x00000000ff900000|100%| O|  |TAMS 0x00000000ff900000| PB 0x00000000ff900000| Untracked 
|2041|0x00000000ff900000, 0x00000000ffa00000, 0x00000000ffa00000|100%| O|  |TAMS 0x00000000ffa00000| PB 0x00000000ffa00000| Untracked 
|2042|0x00000000ffa00000, 0x00000000ffb00000, 0x00000000ffb00000|100%| O|  |TAMS 0x00000000ffb00000| PB 0x00000000ffb00000| Untracked 
|2043|0x00000000ffb00000, 0x00000000ffc00000, 0x00000000ffc00000|100%| O|  |TAMS 0x00000000ffc00000| PB 0x00000000ffc00000| Untracked 
|2044|0x00000000ffc00000, 0x00000000ffd00000, 0x00000000ffd00000|100%| O|  |TAMS 0x00000000ffd00000| PB 0x00000000ffd00000| Untracked 
|2045|0x00000000ffd00000, 0x00000000ffe00000, 0x00000000ffe00000|100%| O|  |TAMS 0x00000000ffe00000| PB 0x00000000ffe00000| Untracked 
|2046|0x00000000ffe00000, 0x00000000fff00000, 0x00000000fff00000|100%| O|  |TAMS 0x00000000fff00000| PB 0x00000000fff00000| Untracked 
|2047|0x00000000fff00000, 0x0000000100000000, 0x0000000100000000|100%| O|  |TAMS 0x0000000100000000| PB 0x0000000100000000| Untracked 

Card table byte_map: [0x0000017ba96f0000,0x0000017ba9af0000] _byte_map_base: 0x0000017ba92f0000

Marking Bits: (CMBitMap*) 0x0000017b96e1abd0
 Bits: [0x0000017ba9af0000, 0x0000017babaf0000)

Polling page: 0x0000017b94bf0000

Metaspace:

Usage:
  Non-class:     67.45 MB used.
      Class:     10.91 MB used.
       Both:     78.36 MB used.

Virtual space:
  Non-class space:      128.00 MB reserved,      68.50 MB ( 54%) committed,  2 nodes.
      Class space:        1.00 GB reserved,      11.94 MB (  1%) committed,  1 nodes.
             Both:        1.12 GB reserved,      80.44 MB (  7%) committed. 

Chunk freelists:
   Non-Class:  11.22 MB
       Class:  4.11 MB
        Both:  15.33 MB

MaxMetaspaceSize: unlimited
CompressedClassSpaceSize: 1.00 GB
Initial GC threshold: 21.00 MB
Current GC threshold: 124.94 MB
CDS: on
 - commit_granule_bytes: 65536.
 - commit_granule_words: 8192.
 - virtual_space_node_default_size: 8388608.
 - enlarge_chunks_in_place: 1.
 - use_allocation_guard: 0.


Internal statistics:

num_allocs_failed_limit: 9.
num_arena_births: 3642.
num_arena_deaths: 0.
num_vsnodes_births: 3.
num_vsnodes_deaths: 0.
num_space_committed: 1287.
num_space_uncommitted: 0.
num_chunks_returned_to_freelist: 9.
num_chunks_taken_from_freelist: 7292.
num_chunk_merges: 6.
num_chunk_splits: 4791.
num_chunks_enlarged: 3041.
num_inconsistent_stats: 0.

CodeHeap 'non-profiled nmethods': size=120000Kb used=5247Kb max_used=5478Kb free=114752Kb
 bounds [0x0000017ba1a90000, 0x0000017ba1ff0000, 0x0000017ba8fc0000]
CodeHeap 'profiled nmethods': size=120000Kb used=16398Kb max_used=16784Kb free=103601Kb
 bounds [0x0000017b99fc0000, 0x0000017b9b030000, 0x0000017ba14f0000]
CodeHeap 'non-nmethods': size=5760Kb used=2911Kb max_used=2966Kb free=2848Kb
 bounds [0x0000017ba14f0000, 0x0000017ba17f0000, 0x0000017ba1a90000]
CodeCache: size=245760Kb, used=24556Kb, max_used=25228Kb, free=221201Kb
 total_blobs=9953, nmethods=9010, adapters=847, full_count=0
Compilation: enabled, stopped_count=0, restarted_count=0

Compilation events (20 events):
Event: 96.159 Thread 0x0000017bae57a9d0 10656       4       java.security.AccessController::checkContext (49 bytes)
Event: 96.159 Thread 0x0000017bae582f10 10657       1       org.gradle.plugin.use.internal.DefaultPluginId::toString (5 bytes)
Event: 96.160 Thread 0x0000017bae57a9d0 nmethod 10656 0x0000017ba1fe5690 code [0x0000017ba1fe5800, 0x0000017ba1fe5868]
Event: 96.160 Thread 0x0000017bae582f10 nmethod 10657 0x0000017ba1fe5990 code [0x0000017ba1fe5b20, 0x0000017ba1fe5be8]
Event: 96.172 Thread 0x0000017bae57a9d0 10658       4       java.util.concurrent.ConcurrentHashMap$Traverser::advance (188 bytes)
Event: 96.179 Thread 0x0000017bae57a9d0 nmethod 10658 0x0000017ba1fe5c90 code [0x0000017ba1fe5e40, 0x0000017ba1fe6188]
Event: 96.279 Thread 0x0000017bae57a9d0 10659   !   4       java.util.concurrent.ConcurrentHashMap::putVal (432 bytes)
Event: 96.372 Thread 0x0000017bae57a9d0 nmethod 10659 0x0000017ba1fe6310 code [0x0000017ba1fe65c0, 0x0000017ba1fe7b10]
Event: 96.372 Thread 0x0000017bae582f10 10660   !   3       java.lang.ref.ReferenceQueue::enqueue (32 bytes)
Event: 96.374 Thread 0x0000017bae582f10 nmethod 10660 0x0000017b9b022410 code [0x0000017b9b022660, 0x0000017b9b022f98]
Event: 96.374 Thread 0x0000017bae582f10 10661       3       java.lang.ref.ReferenceQueue::signal (10 bytes)
Event: 96.374 Thread 0x0000017bae582f10 nmethod 10661 0x0000017b9b023310 code [0x0000017b9b023500, 0x0000017b9b0238f8]
Event: 96.398 Thread 0x0000017bae57a9d0 10662 %     4       org.objectweb.asm.ByteVector::encodeUtf8 @ 159 (337 bytes)
Event: 96.407 Thread 0x0000017bae57a9d0 nmethod 10662% 0x0000017ba1fe8690 code [0x0000017ba1fe8860, 0x0000017ba1fe8c40]
Event: 96.426 Thread 0x0000017bae57a9d0 10663       4       org.objectweb.asm.MethodVisitor::visitFieldInsn (20 bytes)
Event: 96.435 Thread 0x0000017bae57a9d0 nmethod 10663 0x0000017ba1fe9010 code [0x0000017ba1fe9200, 0x0000017ba1fe95e8]
Event: 96.520 Thread 0x0000017bae582f10 10664       3       java.lang.invoke.LambdaFormEditor::getInCache (165 bytes)
Event: 96.521 Thread 0x0000017bae582f10 nmethod 10664 0x0000017b9b023a90 code [0x0000017b9b023d20, 0x0000017b9b024b78]
Event: 96.525 Thread 0x0000017bae582f10 10665       3       java.lang.invoke.BoundMethodHandle$Species_LLLLL::<init> (36 bytes)
Event: 96.526 Thread 0x0000017bae582f10 nmethod 10665 0x0000017b9b024f10 code [0x0000017b9b0250e0, 0x0000017b9b025498]

GC Heap History (20 events):
Event: 49.559 GC heap before
{Heap before GC invocations=17 (full 0):
 garbage-first heap   total 103424K, used 60302K [0x0000000080000000, 0x0000000100000000)
  region size 1024K, 15 young (15360K), 2 survivors (2048K)
 Metaspace       used 57565K, committed 59328K, reserved 1114112K
  class space    used 8210K, committed 9088K, reserved 1048576K
}
Event: 49.567 GC heap after
{Heap after GC invocations=18 (full 0):
 garbage-first heap   total 103424K, used 49426K [0x0000000080000000, 0x0000000100000000)
  region size 1024K, 3 young (3072K), 3 survivors (3072K)
 Metaspace       used 57565K, committed 59328K, reserved 1114112K
  class space    used 8210K, committed 9088K, reserved 1048576K
}
Event: 54.163 GC heap before
{Heap before GC invocations=19 (full 0):
 garbage-first heap   total 103424K, used 101650K [0x0000000080000000, 0x0000000100000000)
  region size 1024K, 41 young (41984K), 3 survivors (3072K)
 Metaspace       used 59780K, committed 61632K, reserved 1114112K
  class space    used 8494K, committed 9408K, reserved 1048576K
}
Event: 54.175 GC heap after
{Heap after GC invocations=20 (full 0):
 garbage-first heap   total 112640K, used 69617K [0x0000000080000000, 0x0000000100000000)
  region size 1024K, 6 young (6144K), 6 survivors (6144K)
 Metaspace       used 59780K, committed 61632K, reserved 1114112K
  class space    used 8494K, committed 9408K, reserved 1048576K
}
Event: 59.809 GC heap before
{Heap before GC invocations=20 (full 0):
 garbage-first heap   total 112640K, used 100337K [0x0000000080000000, 0x0000000100000000)
  region size 1024K, 37 young (37888K), 6 survivors (6144K)
 Metaspace       used 63082K, committed 64960K, reserved 1114112K
  class space    used 8814K, committed 9728K, reserved 1048576K
}
Event: 59.817 GC heap after
{Heap after GC invocations=21 (full 0):
 garbage-first heap   total 112640K, used 69817K [0x0000000080000000, 0x0000000100000000)
  region size 1024K, 2 young (2048K), 2 survivors (2048K)
 Metaspace       used 63082K, committed 64960K, reserved 1114112K
  class space    used 8814K, committed 9728K, reserved 1048576K
}
Event: 66.544 GC heap before
{Heap before GC invocations=21 (full 0):
 garbage-first heap   total 112640K, used 100537K [0x0000000080000000, 0x0000000100000000)
  region size 1024K, 33 young (33792K), 2 survivors (2048K)
 Metaspace       used 66294K, committed 68224K, reserved 1114112K
  class space    used 9282K, committed 10240K, reserved 1048576K
}
Event: 66.552 GC heap after
{Heap after GC invocations=22 (full 0):
 garbage-first heap   total 112640K, used 71091K [0x0000000080000000, 0x0000000100000000)
  region size 1024K, 3 young (3072K), 3 survivors (3072K)
 Metaspace       used 66294K, committed 68224K, reserved 1114112K
  class space    used 9282K, committed 10240K, reserved 1048576K
}
Event: 75.324 GC heap before
{Heap before GC invocations=23 (full 0):
 garbage-first heap   total 121856K, used 107955K [0x0000000080000000, 0x0000000100000000)
  region size 1024K, 34 young (34816K), 3 survivors (3072K)
 Metaspace       used 68509K, committed 70464K, reserved 1114112K
  class space    used 9575K, committed 10496K, reserved 1048576K
}
Event: 75.332 GC heap after
{Heap after GC invocations=24 (full 0):
 garbage-first heap   total 121856K, used 76194K [0x0000000080000000, 0x0000000100000000)
  region size 1024K, 5 young (5120K), 5 survivors (5120K)
 Metaspace       used 68509K, committed 70464K, reserved 1114112K
  class space    used 9575K, committed 10496K, reserved 1048576K
}
Event: 78.779 GC heap before
{Heap before GC invocations=24 (full 0):
 garbage-first heap   total 121856K, used 108962K [0x0000000080000000, 0x0000000100000000)
  region size 1024K, 38 young (38912K), 5 survivors (5120K)
 Metaspace       used 70894K, committed 72896K, reserved 1114112K
  class space    used 9897K, committed 10880K, reserved 1048576K
}
Event: 78.791 GC heap after
{Heap after GC invocations=25 (full 0):
 garbage-first heap   total 121856K, used 78229K [0x0000000080000000, 0x0000000100000000)
  region size 1024K, 3 young (3072K), 3 survivors (3072K)
 Metaspace       used 70894K, committed 72896K, reserved 1114112K
  class space    used 9897K, committed 10880K, reserved 1048576K
}
Event: 82.809 GC heap before
{Heap before GC invocations=25 (full 0):
 garbage-first heap   total 121856K, used 110997K [0x0000000080000000, 0x0000000100000000)
  region size 1024K, 35 young (35840K), 3 survivors (3072K)
 Metaspace       used 74533K, committed 76480K, reserved 1114112K
  class space    used 10357K, committed 11328K, reserved 1048576K
}
Event: 82.816 GC heap after
{Heap after GC invocations=26 (full 0):
 garbage-first heap   total 121856K, used 79402K [0x0000000080000000, 0x0000000100000000)
  region size 1024K, 4 young (4096K), 4 survivors (4096K)
 Metaspace       used 74533K, committed 76480K, reserved 1114112K
  class space    used 10357K, committed 11328K, reserved 1048576K
}
Event: 88.523 GC heap before
{Heap before GC invocations=27 (full 0):
 garbage-first heap   total 133120K, used 112170K [0x0000000080000000, 0x0000000100000000)
  region size 1024K, 36 young (36864K), 4 survivors (4096K)
 Metaspace       used 77044K, committed 79104K, reserved 1179648K
  class space    used 10717K, committed 11712K, reserved 1048576K
}
Event: 88.532 GC heap after
{Heap after GC invocations=28 (full 0):
 garbage-first heap   total 133120K, used 80663K [0x0000000080000000, 0x0000000100000000)
  region size 1024K, 3 young (3072K), 3 survivors (3072K)
 Metaspace       used 77044K, committed 79104K, reserved 1179648K
  class space    used 10717K, committed 11712K, reserved 1048576K
}
Event: 94.553 GC heap before
{Heap before GC invocations=28 (full 0):
 garbage-first heap   total 133120K, used 124695K [0x0000000080000000, 0x0000000100000000)
  region size 1024K, 43 young (44032K), 3 survivors (3072K)
 Metaspace       used 79211K, committed 81280K, reserved 1179648K
  class space    used 11041K, committed 12032K, reserved 1048576K
}
Event: 94.581 GC heap after
{Heap after GC invocations=29 (full 0):
 garbage-first heap   total 134144K, used 87937K [0x0000000080000000, 0x0000000100000000)
  region size 1024K, 6 young (6144K), 6 survivors (6144K)
 Metaspace       used 79211K, committed 81280K, reserved 1179648K
  class space    used 11041K, committed 12032K, reserved 1048576K
}
Event: 96.355 GC heap before
{Heap before GC invocations=29 (full 0):
 garbage-first heap   total 134144K, used 122753K [0x0000000080000000, 0x0000000100000000)
  region size 1024K, 40 young (40960K), 6 survivors (6144K)
 Metaspace       used 80149K, committed 82240K, reserved 1179648K
  class space    used 11158K, committed 12160K, reserved 1048576K
}
Event: 96.369 GC heap after
{Heap after GC invocations=30 (full 0):
 garbage-first heap   total 134144K, used 91118K [0x0000000080000000, 0x0000000100000000)
  region size 1024K, 4 young (4096K), 4 survivors (4096K)
 Metaspace       used 80149K, committed 82240K, reserved 1179648K
  class space    used 11158K, committed 12160K, reserved 1048576K
}

Dll operation events (20 events):
Event: 0.453 Attempting to load shared library C:\Users\User\.vscode\extensions\redhat.java-1.56.0-win32-x64\jre\21.0.12.1-win32-x86_64\bin\nio.dll
Event: 0.456 Loaded shared library C:\Users\User\.vscode\extensions\redhat.java-1.56.0-win32-x64\jre\21.0.12.1-win32-x86_64\bin\nio.dll
Event: 0.483 Attempting to load shared library C:\Users\User\.vscode\extensions\redhat.java-1.56.0-win32-x64\jre\21.0.12.1-win32-x86_64\bin\zip.dll
Event: 0.483 Loaded shared library C:\Users\User\.vscode\extensions\redhat.java-1.56.0-win32-x64\jre\21.0.12.1-win32-x86_64\bin\zip.dll
Event: 2.704 Attempting to load shared library C:\Users\User\.vscode\extensions\redhat.java-1.56.0-win32-x64\jre\21.0.12.1-win32-x86_64\bin\jimage.dll
Event: 2.704 Loaded shared library C:\Users\User\.vscode\extensions\redhat.java-1.56.0-win32-x64\jre\21.0.12.1-win32-x86_64\bin\jimage.dll
Event: 3.427 Attempting to load shared library C:\Users\User\.vscode\extensions\redhat.java-1.56.0-win32-x64\jre\21.0.12.1-win32-x86_64\bin\verify.dll
Event: 3.433 Loaded shared library C:\Users\User\.vscode\extensions\redhat.java-1.56.0-win32-x64\jre\21.0.12.1-win32-x86_64\bin\verify.dll
Event: 4.130 Attempting to load shared library C:\Users\User\.gradle\native\c067742578af261105cb4f569cf0c3c89f3d7b1fecec35dd04571415982c5e48\windows-amd64\native-platform.dll
Event: 4.136 Loaded shared library C:\Users\User\.gradle\native\c067742578af261105cb4f569cf0c3c89f3d7b1fecec35dd04571415982c5e48\windows-amd64\native-platform.dll
Event: 4.191 Attempting to load shared library C:\Users\User\.gradle\native\100fb08df4bc3b14c8652ba06237920a3bd2aa13389f12d3474272988ae205f9\windows-amd64\native-platform-file-events.dll
Event: 4.245 Loaded shared library C:\Users\User\.gradle\native\100fb08df4bc3b14c8652ba06237920a3bd2aa13389f12d3474272988ae205f9\windows-amd64\native-platform-file-events.dll
Event: 7.531 Attempting to load shared library C:\Users\User\.vscode\extensions\redhat.java-1.56.0-win32-x64\jre\21.0.12.1-win32-x86_64\bin\management.dll
Event: 7.533 Loaded shared library C:\Users\User\.vscode\extensions\redhat.java-1.56.0-win32-x64\jre\21.0.12.1-win32-x86_64\bin\management.dll
Event: 7.541 Attempting to load shared library C:\Users\User\.vscode\extensions\redhat.java-1.56.0-win32-x64\jre\21.0.12.1-win32-x86_64\bin\management_ext.dll
Event: 7.543 Loaded shared library C:\Users\User\.vscode\extensions\redhat.java-1.56.0-win32-x64\jre\21.0.12.1-win32-x86_64\bin\management_ext.dll
Event: 7.995 Attempting to load shared library C:\Users\User\.vscode\extensions\redhat.java-1.56.0-win32-x64\jre\21.0.12.1-win32-x86_64\bin\extnet.dll
Event: 7.996 Loaded shared library C:\Users\User\.vscode\extensions\redhat.java-1.56.0-win32-x64\jre\21.0.12.1-win32-x86_64\bin\extnet.dll
Event: 8.534 Attempting to load shared library C:\Users\User\.vscode\extensions\redhat.java-1.56.0-win32-x64\jre\21.0.12.1-win32-x86_64\bin\sunmscapi.dll
Event: 8.539 Loaded shared library C:\Users\User\.vscode\extensions\redhat.java-1.56.0-win32-x64\jre\21.0.12.1-win32-x86_64\bin\sunmscapi.dll

Deoptimization events (20 events):
Event: 95.229 Thread 0x0000017bf5b3f450 Uncommon trap: trap_request=0xffffffd6 fr.pc=0x0000017ba1fbffa8 relative=0x0000000000000b48
Event: 95.230 Thread 0x0000017bf5b3f450 Uncommon trap: reason=array_check action=maybe_recompile pc=0x0000017ba1fbffa8 method=com.google.common.collect.RegularImmutableMap.fromEntryArrayCheckingBucketOverflow(I[Ljava/util/Map$Entry;Z)Lcom/google/common/collect/ImmutableMap; @ 220 c2
Event: 95.230 Thread 0x0000017bf5b3f450 DEOPT PACKING pc=0x0000017ba1fbffa8 sp=0x000000487e4f8b80
Event: 95.230 Thread 0x0000017bf5b3f450 DEOPT UNPACKING pc=0x0000017ba1547ba2 sp=0x000000487e4f8b28 mode 2
Event: 95.351 Thread 0x0000017bf5b3f450 Uncommon trap: trap_request=0xffffffd6 fr.pc=0x0000017ba1fbffa8 relative=0x0000000000000b48
Event: 95.351 Thread 0x0000017bf5b3f450 Uncommon trap: reason=array_check action=maybe_recompile pc=0x0000017ba1fbffa8 method=com.google.common.collect.RegularImmutableMap.fromEntryArrayCheckingBucketOverflow(I[Ljava/util/Map$Entry;Z)Lcom/google/common/collect/ImmutableMap; @ 220 c2
Event: 95.352 Thread 0x0000017bf5b3f450 DEOPT PACKING pc=0x0000017ba1fbffa8 sp=0x000000487e4f9550
Event: 95.352 Thread 0x0000017bf5b3f450 DEOPT UNPACKING pc=0x0000017ba1547ba2 sp=0x000000487e4f94f8 mode 2
Event: 95.354 Thread 0x0000017bf5b3f450 Uncommon trap: trap_request=0xffffffd6 fr.pc=0x0000017ba1fbffa8 relative=0x0000000000000b48
Event: 95.354 Thread 0x0000017bf5b3f450 Uncommon trap: reason=array_check action=maybe_recompile pc=0x0000017ba1fbffa8 method=com.google.common.collect.RegularImmutableMap.fromEntryArrayCheckingBucketOverflow(I[Ljava/util/Map$Entry;Z)Lcom/google/common/collect/ImmutableMap; @ 220 c2
Event: 95.354 Thread 0x0000017bf5b3f450 DEOPT PACKING pc=0x0000017ba1fbffa8 sp=0x000000487e4f9410
Event: 95.354 Thread 0x0000017bf5b3f450 DEOPT UNPACKING pc=0x0000017ba1547ba2 sp=0x000000487e4f93b8 mode 2
Event: 95.762 Thread 0x0000017bf5b3f450 Uncommon trap: trap_request=0xffffff45 fr.pc=0x0000017ba1b9c308 relative=0x0000000000002768
Event: 95.762 Thread 0x0000017bf5b3f450 Uncommon trap: reason=unstable_if action=reinterpret pc=0x0000017ba1b9c308 method=java.lang.String.split(CIZ)[Ljava/lang/String; @ 184 c2
Event: 95.763 Thread 0x0000017bf5b3f450 DEOPT PACKING pc=0x0000017ba1b9c308 sp=0x000000487e4f92a0
Event: 95.763 Thread 0x0000017bf5b3f450 DEOPT UNPACKING pc=0x0000017ba1547ba2 sp=0x000000487e4f91f8 mode 2
Event: 96.036 Thread 0x0000017bf5b3f450 DEOPT PACKING pc=0x0000017b9ad0aaf5 sp=0x000000487e4f7ba0
Event: 96.036 Thread 0x0000017bf5b3f450 DEOPT UNPACKING pc=0x0000017ba15486e2 sp=0x000000487e4f70f0 mode 0
Event: 96.049 Thread 0x0000017bf5b3f450 DEOPT PACKING pc=0x0000017b9ad0aaf5 sp=0x000000487e4f7bc0
Event: 96.053 Thread 0x0000017bf5b3f450 DEOPT UNPACKING pc=0x0000017ba15486e2 sp=0x000000487e4f70f8 mode 0

Classes loaded (20 events):
Event: 82.551 Loading class javax/management/NotificationFilter
Event: 82.551 Loading class javax/management/NotificationFilter done
Event: 82.551 Loading class javax/management/ListenerNotFoundException
Event: 82.551 Loading class javax/management/OperationsException
Event: 82.551 Loading class javax/management/JMException
Event: 82.552 Loading class javax/management/JMException done
Event: 82.552 Loading class javax/management/OperationsException done
Event: 82.552 Loading class javax/management/ListenerNotFoundException done
Event: 82.552 Loading class jdk/jfr/Recording
Event: 82.553 Loading class jdk/jfr/Recording done
Event: 82.553 Loading class jdk/jfr/FlightRecorder
Event: 82.554 Loading class jdk/jfr/FlightRecorder done
Event: 82.554 Loading class jdk/management/jfr/FlightRecorderMXBeanImpl$MXBeanListener
Event: 82.555 Loading class jdk/jfr/FlightRecorderListener
Event: 82.555 Loading class jdk/jfr/FlightRecorderListener done
Event: 82.555 Loading class jdk/management/jfr/FlightRecorderMXBeanImpl$MXBeanListener done
Event: 82.855 Loading class com/sun/jmx/mbeanserver/StandardMBeanSupport
Event: 82.855 Loading class com/sun/jmx/mbeanserver/StandardMBeanSupport done
Event: 82.855 Loading class com/sun/jmx/mbeanserver/StandardMBeanIntrospector
Event: 82.856 Loading class com/sun/jmx/mbeanserver/StandardMBeanIntrospector done

Classes unloaded (0 events):
No events

Classes redefined (0 events):
No events

Internal exceptions (20 events):
Event: 81.825 Thread 0x0000017bf5b3f450 Exception <a 'java/lang/NoSuchMethodError'{0x000000008539a298}: static Lorg/jetbrains/kotlin/gradle/plugin/internal/MavenPluginConfigurator$DefaultMavenPluginConfiguratorVariantFactory;.<clinit>()V> (0x000000008539a298) 
thrown [s\src\hotspot\share\prims\jni.cpp, line 1111]
Event: 81.833 Thread 0x0000017bf5b3f450 Exception <a 'java/lang/NoSuchMethodError'{0x00000000853b71a8}: static Lorg/jetbrains/kotlin/gradle/targets/js/nodejs/DefaultUnameExecutorVariantFactory;.<clinit>()V> (0x00000000853b71a8) 
thrown [s\src\hotspot\share\prims\jni.cpp, line 1111]
Event: 81.841 Thread 0x0000017bf5b3f450 Exception <a 'java/lang/NoSuchMethodError'{0x00000000853d4b20}: static Lorg/jetbrains/kotlin/gradle/plugin/internal/DefaultBasePluginConfigurationVariantFactory;.<clinit>()V> (0x00000000853d4b20) 
thrown [s\src\hotspot\share\prims\jni.cpp, line 1111]
Event: 81.888 Thread 0x0000017bf5b3f450 Exception <a 'java/lang/NoSuchMethodError'{0x00000000853f2868}: static Lorg/jetbrains/kotlin/gradle/plugin/internal/DefaultAttributeConfigurationHelperVariantFactory;.<clinit>()V> (0x00000000853f2868) 
thrown [s\src\hotspot\share\prims\jni.cpp, line 1111]
Event: 82.153 Thread 0x0000017bf5b3f450 Exception <a 'java/lang/IncompatibleClassChangeError'{0x0000000084f425d0}: Found class java.lang.Object, but interface was expected> (0x0000000084f425d0) 
thrown [s\src\hotspot\share\interpreter\linkResolver.cpp, line 840]
Event: 90.149 Thread 0x0000017bf5b3f450 Exception <a 'java/lang/NoSuchMethodError'{0x00000000866c78e0}: 'java.lang.Object java.lang.invoke.DirectMethodHandle$Holder.newInvokeSpecial(java.lang.Object, java.lang.Object, java.lang.Object, java.lang.Object, java.lang.Object, java.lang.Object, java.lang.Object, java.lang.Object, java.lang.Object, java.lang.Object, java.lang.Object, java.lang.Object, java.lang.Object, java.lang.Object, java.lang.Object, java.lang.Object, java.lang.Object, java.lang.Object, java.lang.Object, java.lang.Object, java.lang
Event: 90.468 Thread 0x0000017bf5b3f450 Exception <a 'java/lang/ClassNotFoundException'{0x00000000861d20e8}: org/jetbrains/kotlin/gradle/targets/js/npm/DefaultNpmDependencyExtensionBeanInfo> (0x00000000861d20e8) 
thrown [s\src\hotspot\share\classfile\systemDictionary.cpp, line 313]
Event: 90.471 Thread 0x0000017bf5b3f450 Exception <a 'java/lang/ClassNotFoundException'{0x00000000861e0998}: org/jetbrains/kotlin/gradle/targets/js/npm/DefaultNpmDependencyExtensionCustomizer> (0x00000000861e0998) 
thrown [s\src\hotspot\share\classfile\systemDictionary.cpp, line 313]
Event: 90.506 Thread 0x0000017bf5b3f450 Exception <a 'java/lang/ClassNotFoundException'{0x00000000860742c0}: org/jetbrains/kotlin/gradle/targets/js/npm/NpmDependencyExtensionKt$defaultNpmDependencyDelegate$1BeanInfo> (0x00000000860742c0) 
thrown [s\src\hotspot\share\classfile\systemDictionary.cpp, line 313]
Event: 90.508 Thread 0x0000017bf5b3f450 Exception <a 'java/lang/ClassNotFoundException'{0x0000000086084198}: org/jetbrains/kotlin/gradle/targets/js/npm/NpmDependencyExtensionDelegateBeanInfo> (0x0000000086084198) 
thrown [s\src\hotspot\share\classfile\systemDictionary.cpp, line 313]
Event: 90.510 Thread 0x0000017bf5b3f450 Exception <a 'java/lang/ClassNotFoundException'{0x0000000086094008}: org/jetbrains/kotlin/gradle/targets/js/npm/NpmDependencyExtensionDelegateCustomizer> (0x0000000086094008) 
thrown [s\src\hotspot\share\classfile\systemDictionary.cpp, line 313]
Event: 90.517 Thread 0x0000017bf5b3f450 Exception <a 'java/lang/ClassNotFoundException'{0x00000000860c6058}: org/jetbrains/kotlin/gradle/targets/js/npm/NpmDependencyExtensionKt$defaultNpmDependencyDelegate$1Customizer> (0x00000000860c6058) 
thrown [s\src\hotspot\share\classfile\systemDictionary.cpp, line 313]
Event: 90.532 Thread 0x0000017bf5b3f450 Exception <a 'java/lang/ClassNotFoundException'{0x0000000085f074b0}: org/jetbrains/kotlin/gradle/targets/js/npm/DefaultDevNpmDependencyExtensionBeanInfo> (0x0000000085f074b0) 
thrown [s\src\hotspot\share\classfile\systemDictionary.cpp, line 313]
Event: 90.537 Thread 0x0000017bf5b3f450 Exception <a 'java/lang/ClassNotFoundException'{0x0000000085f15da8}: org/jetbrains/kotlin/gradle/targets/js/npm/DefaultDevNpmDependencyExtensionCustomizer> (0x0000000085f15da8) 
thrown [s\src\hotspot\share\classfile\systemDictionary.cpp, line 313]
Event: 90.547 Thread 0x0000017bf5b3f450 Exception <a 'java/lang/ClassNotFoundException'{0x0000000085f5faa8}: org/jetbrains/kotlin/gradle/targets/js/npm/DefaultPeerNpmDependencyExtensionBeanInfo> (0x0000000085f5faa8) 
thrown [s\src\hotspot\share\classfile\systemDictionary.cpp, line 313]
Event: 90.549 Thread 0x0000017bf5b3f450 Exception <a 'java/lang/ClassNotFoundException'{0x0000000085f6e418}: org/jetbrains/kotlin/gradle/targets/js/npm/DefaultPeerNpmDependencyExtensionCustomizer> (0x0000000085f6e418) 
thrown [s\src\hotspot\share\classfile\systemDictionary.cpp, line 313]
Event: 90.603 Thread 0x0000017bf5b3f450 Exception <a 'java/lang/ClassNotFoundException'{0x0000000085fc1b98}: org/jetbrains/kotlin/gradle/targets/js/npm/DefaultPeerNpmDependencyExtension$delegate$1BeanInfo> (0x0000000085fc1b98) 
thrown [s\src\hotspot\share\classfile\systemDictionary.cpp, line 313]
Event: 90.605 Thread 0x0000017bf5b3f450 Exception <a 'java/lang/ClassNotFoundException'{0x0000000085fd0e98}: org/jetbrains/kotlin/gradle/targets/js/npm/DefaultPeerNpmDependencyExtension$delegate$1Customizer> (0x0000000085fd0e98) 
thrown [s\src\hotspot\share\classfile\systemDictionary.cpp, line 313]
Event: 90.676 Thread 0x0000017bf5b3f450 Exception <a 'java/lang/NoSuchMethodError'{0x0000000085e83880}: static Lorg/jetbrains/kotlin/gradle/plugin/internal/DefaultIdeaSyncDetector$createIdeaPropertiesEvaluator$1;.<clinit>()V> (0x0000000085e83880) 
thrown [s\src\hotspot\share\prims\jni.cpp, line 1111]
Event: 95.960 Thread 0x0000017bf5b3f450 Exception <a 'java/lang/NoSuchMethodError'{0x000000008599cb70}: 'int java.lang.invoke.DirectMethodHandle$Holder.invokeSpecialIFC(java.lang.Object, java.lang.Object, java.lang.Object, java.lang.Object, java.lang.Object)'> (0x000000008599cb70) 
thrown [s\src\hotspot\share\interpreter\linkResolver.cpp, line 773]

ZGC Phase Switch (0 events):
No events

VM Operations (20 events):
Event: 88.334 Executing safepoint VM operation: Cleanup done
Event: 88.523 Executing safepoint VM operation: G1CollectForAllocation (G1 Evacuation Pause)
Event: 88.533 Executing safepoint VM operation: G1CollectForAllocation (G1 Evacuation Pause) done
Event: 89.537 Executing safepoint VM operation: Cleanup
Event: 89.583 Executing safepoint VM operation: Cleanup done
Event: 90.585 Executing safepoint VM operation: Cleanup
Event: 90.600 Executing safepoint VM operation: Cleanup done
Event: 91.602 Executing safepoint VM operation: Cleanup
Event: 91.895 Executing safepoint VM operation: Cleanup done
Event: 92.906 Executing safepoint VM operation: Cleanup
Event: 92.907 Executing safepoint VM operation: Cleanup done
Event: 93.907 Executing safepoint VM operation: Cleanup
Event: 93.907 Executing safepoint VM operation: Cleanup done
Event: 94.553 Executing safepoint VM operation: G1CollectForAllocation (G1 Evacuation Pause)
Event: 94.581 Executing safepoint VM operation: G1CollectForAllocation (G1 Evacuation Pause) done
Event: 95.589 Executing safepoint VM operation: Cleanup
Event: 95.604 Executing safepoint VM operation: Cleanup done
Event: 96.340 Executing safepoint VM operation: G1CollectForAllocation (G1 Evacuation Pause)
Event: 96.369 Executing safepoint VM operation: G1CollectForAllocation (G1 Evacuation Pause) done
Event: 96.537 Executing safepoint VM operation: G1PauseRemark

Memory protections (0 events):
No events

Nmethod flushes (20 events):
Event: 96.550 Thread 0x0000017bae54f1c0 flushing  nmethod 0x0000017b9a67f090
Event: 96.550 Thread 0x0000017bae54f1c0 flushing  nmethod 0x0000017b9a69e290
Event: 96.550 Thread 0x0000017bae54f1c0 flushing  nmethod 0x0000017b9a69ec90
Event: 96.550 Thread 0x0000017bae54f1c0 flushing  nmethod 0x0000017b9a6d3810
Event: 96.550 Thread 0x0000017bae54f1c0 flushing  nmethod 0x0000017b9a856310
Event: 96.551 Thread 0x0000017bae54f1c0 flushing  nmethod 0x0000017b9abae510
Event: 96.551 Thread 0x0000017bae54f1c0 flushing  nmethod 0x0000017b9a181890
Event: 96.551 Thread 0x0000017bae54f1c0 flushing  nmethod 0x0000017b9a196a90
Event: 96.551 Thread 0x0000017bae54f1c0 flushing  nmethod 0x0000017b9a1dea10
Event: 96.551 Thread 0x0000017bae54f1c0 flushing  nmethod 0x0000017b9a1e0010
Event: 96.551 Thread 0x0000017bae54f1c0 flushing  nmethod 0x0000017b9a5fc590
Event: 96.551 Thread 0x0000017bae54f1c0 flushing  nmethod 0x0000017b9a601d10
Event: 96.551 Thread 0x0000017bae54f1c0 flushing  nmethod 0x0000017b9a6b8b90
Event: 96.551 Thread 0x0000017bae54f1c0 flushing  nmethod 0x0000017b9a7d9e10
Event: 96.551 Thread 0x0000017bae54f1c0 flushing  nmethod 0x0000017b9a91be90
Event: 96.551 Thread 0x0000017bae54f1c0 flushing  nmethod 0x0000017b9a956190
Event: 96.551 Thread 0x0000017bae54f1c0 flushing  nmethod 0x0000017b9ac07290
Event: 96.551 Thread 0x0000017bae54f1c0 flushing  nmethod 0x0000017b9a005690
Event: 96.551 Thread 0x0000017bae54f1c0 flushing  nmethod 0x0000017b9a29d110
Event: 96.551 Thread 0x0000017bae54f1c0 flushing  nmethod 0x0000017b9a29db90

Events (20 events):
Event: 43.781 Thread 0x0000017bf5b3f450 Thread added: 0x0000017bf6be9680
Event: 43.782 Thread 0x0000017bf5b3f450 Thread added: 0x0000017bf6be75b0
Event: 43.782 Thread 0x0000017bf5b3f450 Thread added: 0x0000017bf6be6f20
Event: 43.783 Thread 0x0000017bf5b3f450 Thread added: 0x0000017bf6be7c40
Event: 43.784 Thread 0x0000017bf5b3f450 Thread added: 0x0000017bf6be82d0
Event: 43.784 Thread 0x0000017bf5b3f450 Thread added: 0x0000017bf779e5e0
Event: 43.785 Thread 0x0000017bf5b3f450 Thread added: 0x0000017bf779df50
Event: 45.710 Thread 0x0000017bae57a9d0 Thread added: 0x0000017bf8925ef0
Event: 45.921 Thread 0x0000017bf8925ef0 Thread exited: 0x0000017bf8925ef0
Event: 47.921 Thread 0x0000017bae582f10 Thread added: 0x0000017bf92c7740
Event: 48.724 Thread 0x0000017bf92c7740 Thread exited: 0x0000017bf92c7740
Event: 65.804 Thread 0x0000017bf5b3f450 Thread added: 0x0000017bf779f300
Event: 74.693 Thread 0x0000017bf5883920 Thread exited: 0x0000017bf5883920
Event: 76.850 Thread 0x0000017bae582f10 Thread added: 0x0000017bf5b5f1e0
Event: 77.368 Thread 0x0000017bf5b5f1e0 Thread exited: 0x0000017bf5b5f1e0
Event: 79.842 Thread 0x0000017bae57a9d0 Thread added: 0x0000017bf9c60f70
Event: 79.980 Thread 0x0000017bf9c60f70 Thread exited: 0x0000017bf9c60f70
Event: 82.501 Thread 0x0000017bae582f10 Thread added: 0x0000017bf79e8280
Event: 82.861 Thread 0x0000017bf79e8280 Thread exited: 0x0000017bf79e8280
Event: 83.281 Thread 0x0000017bf5b3f450 Thread added: 0x0000017bf77a0d40


Dynamic libraries:
0x00007ff6a5f10000 - 0x00007ff6a5f1e000 	C:\Users\User\.vscode\extensions\redhat.java-1.56.0-win32-x64\jre\21.0.12.1-win32-x86_64\bin\java.exe
0x00007ff9183e0000 - 0x00007ff918647000 	C:\WINDOWS\SYSTEM32\ntdll.dll
0x00007ff916fc0000 - 0x00007ff91708b000 	C:\WINDOWS\System32\KERNEL32.DLL
0x00007ff915cf0000 - 0x00007ff9160f1000 	C:\WINDOWS\System32\KERNELBASE.dll
0x00007ff915a10000 - 0x00007ff915b5c000 	C:\WINDOWS\System32\ucrtbase.dll
0x00007ff8f1f30000 - 0x00007ff8f1f48000 	C:\Users\User\.vscode\extensions\redhat.java-1.56.0-win32-x64\jre\21.0.12.1-win32-x86_64\bin\jli.dll
0x00007ff8f1f10000 - 0x00007ff8f1f2e000 	C:\Users\User\.vscode\extensions\redhat.java-1.56.0-win32-x64\jre\21.0.12.1-win32-x86_64\bin\VCRUNTIME140.dll
0x00007ff9163e0000 - 0x00007ff9165b7000 	C:\WINDOWS\System32\USER32.dll
0x00007ff915cc0000 - 0x00007ff915ce7000 	C:\WINDOWS\System32\win32u.dll
0x00007ff917b60000 - 0x00007ff917b8b000 	C:\WINDOWS\System32\GDI32.dll
0x00007ff8f56c0000 - 0x00007ff8f5950000 	C:\WINDOWS\WinSxS\amd64_microsoft.windows.common-controls_6595b64144ccf1df_6.0.26100.9549_none_3e0a0396e3330090\COMCTL32.dll
0x00007ff917570000 - 0x00007ff917619000 	C:\WINDOWS\System32\msvcrt.dll
0x00007ff9155e0000 - 0x00007ff915708000 	C:\WINDOWS\System32\gdi32full.dll
0x00007ff915960000 - 0x00007ff915a03000 	C:\WINDOWS\System32\msvcp_win.dll
0x00007ff917af0000 - 0x00007ff917b21000 	C:\WINDOWS\System32\IMM32.DLL
0x00007ff90fab0000 - 0x00007ff90fabc000 	C:\Users\User\.vscode\extensions\redhat.java-1.56.0-win32-x64\jre\21.0.12.1-win32-x86_64\bin\vcruntime140_1.dll
0x00007ff8e2ef0000 - 0x00007ff8e2f7d000 	C:\Users\User\.vscode\extensions\redhat.java-1.56.0-win32-x64\jre\21.0.12.1-win32-x86_64\bin\msvcp140.dll
0x00007ff824f30000 - 0x00007ff825cd2000 	C:\Users\User\.vscode\extensions\redhat.java-1.56.0-win32-x64\jre\21.0.12.1-win32-x86_64\bin\server\jvm.dll
0x00007ff916ae0000 - 0x00007ff916b9b000 	C:\WINDOWS\System32\ADVAPI32.dll
0x00007ff917830000 - 0x00007ff9178d8000 	C:\WINDOWS\System32\sechost.dll
0x00007ff916da0000 - 0x00007ff916eb8000 	C:\WINDOWS\System32\RPCRT4.dll
0x00007ff916f20000 - 0x00007ff916fa1000 	C:\WINDOWS\System32\WS2_32.dll
0x00007ff915430000 - 0x00007ff91548e000 	C:\WINDOWS\SYSTEM32\POWRPROF.dll
0x00007ff90bfe0000 - 0x00007ff90c017000 	C:\WINDOWS\SYSTEM32\WINMM.dll
0x00007ff9015e0000 - 0x00007ff9015eb000 	C:\WINDOWS\SYSTEM32\VERSION.dll
0x00007ff915410000 - 0x00007ff915425000 	C:\WINDOWS\SYSTEM32\UMPDC.dll
0x00007ff914280000 - 0x00007ff91429b000 	C:\WINDOWS\SYSTEM32\kernel.appcore.dll
0x00007ff8f1f00000 - 0x00007ff8f1f0a000 	C:\Users\User\.vscode\extensions\redhat.java-1.56.0-win32-x64\jre\21.0.12.1-win32-x86_64\bin\jimage.dll
0x00007ff9129f0000 - 0x00007ff912c3c000 	C:\WINDOWS\SYSTEM32\DBGHELP.DLL
0x00007ff9171e0000 - 0x00007ff91756a000 	C:\WINDOWS\System32\combase.dll
0x00007ff917100000 - 0x00007ff9171d9000 	C:\WINDOWS\System32\OLEAUT32.dll
0x00007ff8e9d70000 - 0x00007ff8e9dab000 	C:\WINDOWS\SYSTEM32\dbgcore.DLL
0x00007ff915710000 - 0x00007ff9157bc000 	C:\WINDOWS\System32\bcryptPrimitives.dll
0x00007ff8d8280000 - 0x00007ff8d828f000 	C:\Users\User\.vscode\extensions\redhat.java-1.56.0-win32-x64\jre\21.0.12.1-win32-x86_64\bin\instrument.dll
0x00007ff8e7c70000 - 0x00007ff8e7c90000 	C:\Users\User\.vscode\extensions\redhat.java-1.56.0-win32-x64\jre\21.0.12.1-win32-x86_64\bin\java.dll
0x00007ff917b90000 - 0x00007ff91832c000 	C:\WINDOWS\System32\SHELL32.dll
0x00007ff913000000 - 0x00007ff9138ad000 	C:\WINDOWS\SYSTEM32\windows.storage.dll
0x00007ff916ca0000 - 0x00007ff916d99000 	C:\WINDOWS\System32\SHCORE.dll
0x00007ff917090000 - 0x00007ff9170f6000 	C:\WINDOWS\System32\shlwapi.dll
0x00007ff9154f0000 - 0x00007ff915519000 	C:\WINDOWS\SYSTEM32\profapi.dll
0x00007ff8e4f80000 - 0x00007ff8e4f98000 	C:\Users\User\.vscode\extensions\redhat.java-1.56.0-win32-x64\jre\21.0.12.1-win32-x86_64\bin\zip.dll
0x00007ff8f1ef0000 - 0x00007ff8f1f00000 	C:\Users\User\.vscode\extensions\redhat.java-1.56.0-win32-x64\jre\21.0.12.1-win32-x86_64\bin\net.dll
0x00007ff904bf0000 - 0x00007ff904d1a000 	C:\WINDOWS\SYSTEM32\WINHTTP.dll
0x00007ff914840000 - 0x00007ff9148ac000 	C:\WINDOWS\system32\mswsock.dll
0x00007ff8e3770000 - 0x00007ff8e3786000 	C:\Users\User\.vscode\extensions\redhat.java-1.56.0-win32-x64\jre\21.0.12.1-win32-x86_64\bin\nio.dll
0x00007ff8f1dd0000 - 0x00007ff8f1de0000 	C:\Users\User\.vscode\extensions\redhat.java-1.56.0-win32-x64\jre\21.0.12.1-win32-x86_64\bin\verify.dll
0x00007ff8e2c50000 - 0x00007ff8e2c77000 	C:\Users\User\.gradle\native\c067742578af261105cb4f569cf0c3c89f3d7b1fecec35dd04571415982c5e48\windows-amd64\native-platform.dll
0x00007ff86c290000 - 0x00007ff86c3d4000 	C:\Users\User\.gradle\native\100fb08df4bc3b14c8652ba06237920a3bd2aa13389f12d3474272988ae205f9\windows-amd64\native-platform-file-events.dll
0x00007ff8d8950000 - 0x00007ff8d895a000 	C:\Users\User\.vscode\extensions\redhat.java-1.56.0-win32-x64\jre\21.0.12.1-win32-x86_64\bin\management.dll
0x00007ff8d8350000 - 0x00007ff8d835c000 	C:\Users\User\.vscode\extensions\redhat.java-1.56.0-win32-x64\jre\21.0.12.1-win32-x86_64\bin\management_ext.dll
0x00007ff916fb0000 - 0x00007ff916fb8000 	C:\WINDOWS\System32\PSAPI.DLL
0x00007ff914b30000 - 0x00007ff914b4b000 	C:\WINDOWS\SYSTEM32\CRYPTSP.dll
0x00007ff9141e0000 - 0x00007ff914219000 	C:\WINDOWS\system32\rsaenh.dll
0x00007ff9148f0000 - 0x00007ff914924000 	C:\WINDOWS\SYSTEM32\USERENV.dll
0x00007ff9154c0000 - 0x00007ff9154ea000 	C:\WINDOWS\SYSTEM32\bcrypt.dll
0x00007ff914b50000 - 0x00007ff914b5c000 	C:\WINDOWS\SYSTEM32\CRYPTBASE.dll
0x00007ff913c30000 - 0x00007ff913c63000 	C:\WINDOWS\SYSTEM32\IPHLPAPI.DLL
0x00007ff916f10000 - 0x00007ff916f1a000 	C:\WINDOWS\System32\NSI.dll
0x00007ff8baae0000 - 0x00007ff8baae9000 	C:\Users\User\.vscode\extensions\redhat.java-1.56.0-win32-x64\jre\21.0.12.1-win32-x86_64\bin\extnet.dll
0x00007ff887840000 - 0x00007ff88784e000 	C:\Users\User\.vscode\extensions\redhat.java-1.56.0-win32-x64\jre\21.0.12.1-win32-x86_64\bin\sunmscapi.dll
0x00007ff9157d0000 - 0x00007ff91594f000 	C:\WINDOWS\System32\CRYPT32.dll
0x00007ff914d90000 - 0x00007ff914dc0000 	C:\WINDOWS\SYSTEM32\ncrypt.dll
0x00007ff914d40000 - 0x00007ff914d7f000 	C:\WINDOWS\SYSTEM32\NTASN1.dll
0x00007ff8ac2f0000 - 0x00007ff8ac2f8000 	C:\WINDOWS\system32\wshunix.dll

JVMTI agents:
C:\Users\User\.gradle\wrapper\dists\gradle-8.11.1-bin\bpt9gzteqjrbo1mjrsomdt32c\gradle-8.11.1\lib\agents\gradle-instrumentation-agent-8.11.1.jar path:C:\Users\User\.vscode\extensions\redhat.java-1.56.0-win32-x64\jre\21.0.12.1-win32-x86_64\bin\instrument.dll, loaded, initialized, instrumentlib options:none

dbghelp: loaded successfully - version: 4.0.5 - missing functions: none
symbol engine: initialized successfully - sym options: 0x614 - pdb path: .;C:\Users\User\.vscode\extensions\redhat.java-1.56.0-win32-x64\jre\21.0.12.1-win32-x86_64\bin;C:\WINDOWS\SYSTEM32;C:\WINDOWS\WinSxS\amd64_microsoft.windows.common-controls_6595b64144ccf1df_6.0.26100.9549_none_3e0a0396e3330090;C:\Users\User\.vscode\extensions\redhat.java-1.56.0-win32-x64\jre\21.0.12.1-win32-x86_64\bin\server;C:\Users\User\.gradle\native\c067742578af261105cb4f569cf0c3c89f3d7b1fecec35dd04571415982c5e48\windows-amd64;C:\Users\User\.gradle\native\100fb08df4bc3b14c8652ba06237920a3bd2aa13389f12d3474272988ae205f9\windows-amd64

VM Arguments:
jvm_args: --add-opens=java.base/java.lang=ALL-UNNAMED --add-opens=java.base/java.lang.invoke=ALL-UNNAMED --add-opens=java.base/java.util=ALL-UNNAMED --add-opens=java.prefs/java.util.prefs=ALL-UNNAMED --add-exports=jdk.compiler/com.sun.tools.javac.api=ALL-UNNAMED --add-exports=jdk.compiler/com.sun.tools.javac.util=ALL-UNNAMED --add-opens=java.base/java.util=ALL-UNNAMED --add-opens=java.prefs/java.util.prefs=ALL-UNNAMED --add-opens=java.base/java.nio.charset=ALL-UNNAMED --add-opens=java.base/java.net=ALL-UNNAMED --add-opens=java.base/java.util.concurrent.atomic=ALL-UNNAMED --add-opens=java.xml/javax.xml.namespace=ALL-UNNAMED -Xmx2048m -Dfile.encoding=UTF-8 -Duser.country=US -Duser.language=en -Duser.variant -javaagent:C:\Users\User\.gradle\wrapper\dists\gradle-8.11.1-bin\bpt9gzteqjrbo1mjrsomdt32c\gradle-8.11.1\lib\agents\gradle-instrumentation-agent-8.11.1.jar 
java_command: org.gradle.launcher.daemon.bootstrap.GradleDaemon 8.11.1
java_class_path (initial): C:\Users\User\.gradle\wrapper\dists\gradle-8.11.1-bin\bpt9gzteqjrbo1mjrsomdt32c\gradle-8.11.1\lib\gradle-daemon-main-8.11.1.jar
Launcher Type: SUN_STANDARD

[Global flags]
     intx CICompilerCount                          = 4                                         {product} {ergonomic}
     uint ConcGCThreads                            = 2                                         {product} {ergonomic}
     uint G1ConcRefinementThreads                  = 8                                         {product} {ergonomic}
   size_t G1HeapRegionSize                         = 1048576                                   {product} {ergonomic}
    uintx GCDrainStackTargetSize                   = 64                                        {product} {ergonomic}
   size_t InitialHeapSize                          = 197132288                                 {product} {ergonomic}
   size_t MarkStackSize                            = 4194304                                   {product} {ergonomic}
   size_t MaxHeapSize                              = 2147483648                                {product} {command line}
   size_t MaxNewSize                               = 1287651328                                {product} {ergonomic}
   size_t MinHeapDeltaBytes                        = 1048576                                   {product} {ergonomic}
   size_t MinHeapSize                              = 8388608                                   {product} {ergonomic}
    uintx NonNMethodCodeHeapSize                   = 5839372                                {pd product} {ergonomic}
    uintx NonProfiledCodeHeapSize                  = 122909434                              {pd product} {ergonomic}
    uintx ProfiledCodeHeapSize                     = 122909434                              {pd product} {ergonomic}
    uintx ReservedCodeCacheSize                    = 251658240                              {pd product} {ergonomic}
     bool SegmentedCodeCache                       = true                                      {product} {ergonomic}
   size_t SoftMaxHeapSize                          = 2147483648                             {manageable} {ergonomic}
     bool UseCompressedOops                        = true                           {product lp64_product} {ergonomic}
     bool UseG1GC                                  = true                                      {product} {ergonomic}
     bool UseLargePagesIndividualAllocation        = false                                  {pd product} {ergonomic}

Logging:
Log output configuration:
 #0: stdout all=warning uptime,level,tags foldmultilines=false
 #1: stderr all=off uptime,level,tags foldmultilines=false

Release file:
JAVA_VERSION="21.0.12.1" 
MODULES="java.base java.compiler java.datatransfer java.xml java.prefs java.desktop java.instrument java.logging java.management java.security.sasl java.naming java.rmi java.management.rmi java.net.http java.scripting java.security.jgss java.transaction.xa java.sql java.sql.rowset java.xml.crypto java.se java.smartcardio jdk.accessibility jdk.internal.jvmstat jdk.attach jdk.charsets jdk.internal.opt jdk.zipfs jdk.compiler jdk.crypto.ec jdk.crypto.cryptoki jdk.crypto.mscapi jdk.dynalink jdk.internal.ed jdk.editpad jdk.hotspot.agent jdk.httpserver jdk.internal.le jdk.internal.vm.ci jdk.internal.vm.compiler jdk.internal.vm.compiler.management jdk.jartool jdk.javadoc jdk.jcmd jdk.management jdk.management.agent jdk.jconsole jdk.jdeps jdk.jdwp.agent jdk.jdi jdk.jfr jdk.jshell jdk.jsobject jdk.jstatd jdk.localedata jdk.management.jfr jdk.naming.dns jdk.naming.rmi jdk.net jdk.nio.mapmode jdk.random jdk.sctp jdk.security.auth jdk.security.jgss jdk.unsupported jdk.unsupported.desktop jdk.xml.dom" 

Environment Variables:
JAVA_HOME=C:\Program Files\Java\jdk-17
PATH=C:\Program Files\Common Files\Oracle\Java\javapath;C:\Program Files\Microsoft SDKs\Azure\CLI2\wbin;C:\app\User\product\21c\dbhomeXE\bin;C:\Program Files\Python313\Scripts\;C:\Program Files\Python313\;C:\WINDOWS\system32;C:\WINDOWS;C:\WINDOWS\System32\Wbem;C:\WINDOWS\System32\WindowsPowerShell\v1.0\;C:\WINDOWS\System32\OpenSSH\;C:\Program Files (x86)\Microsoft SQL Server\160\Tools\Binn\;C:\Program Files\Microsoft SQL Server\160\Tools\Binn\;C:\Program Files\Microsoft SQL Server\Client SDK\ODBC\170\Tools\Binn\;C:\Program Files\Microsoft SQL Server\160\DTS\Binn\;C:\ProgramData\chocolatey\bin;C:\Program Files\nodejs\;C:\Program Files\Git\cmd;C:\Program Files\dotnet\;C:\php-8.4.12;C:\Users\User\AppData\Local\ComposerSetup\bin;C:\php-8.4.12;C:\Program Files\7-Zip;C:\Program Files\Docker\Docker\resources\bin;C:\Program Files\MySQL\MySQL Server 9.4\bin;C:\Program Files\Amazon\AWSCLIV2\;C:\Users\User\AppData\Roaming\Python\Python313\Scripts;C:\Program Files\Java\jdk-17\bin;C:\Program Files\Apache\Maven\apache-maven-3.9.11\bin;C:\Program Files\Tailscale\;C:\Users\User\AppData\Local\Programs\Microsoft VS Code\bin;C:\Users\User\AppData\Local\Python\bin;C:\Users\User\AppData\Roaming\npm;D:\flutter\flutter\bin;C:\Users\User\AppData\Local\Programs\Antigravity\bin;C:\Users\User\AppData\Local\GitHubDesktop\bin;C:\Users\User\.dotnet\tools;C:\Users\User\AppData\Local\Programs\Antigravity IDE\bin;C:\Users\User\AppData\Local\Microsoft\dotnet
USERNAME=User
OS=Windows_NT
PROCESSOR_IDENTIFIER=Intel64 Family 6 Model 140 Stepping 1, GenuineIntel
TMP=C:\Users\User\AppData\Local\Temp
TEMP=C:\Users\User\AppData\Local\Temp




Periodic native trim disabled

---------------  S Y S T E M  ---------------

OS:
 Windows 11 , 64 bit Build 26100 (10.0.26100.9549)
OS uptime: 0 days 5:08 hours
Hyper-V role detected

CPU: total 8 (initial active 8) (4 cores per cpu, 2 threads per core) family 6 model 140 stepping 1 microcode 0xac, cx8, cmov, fxsr, ht, mmx, 3dnowpref, sse, sse2, sse3, ssse3, sse4.1, sse4.2, popcnt, lzcnt, tsc, tscinvbit, avx, avx2, aes, erms, clmul, bmi1, bmi2, adx, avx512f, avx512dq, avx512cd, avx512bw, avx512vl, sha, fma, vzeroupper, avx512_vpopcntdq, avx512_vpclmulqdq, avx512_vaes, avx512_vnni, clflush, clflushopt, clwb, avx512_vbmi2, avx512_vbmi, hv, rdtscp, rdpid, fsrm, gfni, avx512_bitalg, f16c, cet_ibt, cet_ss, avx512_ifma
Processor Information for the first 8 processors :
  Max Mhz: 2419, Current Mhz: 2419, Mhz Limit: 2419

Memory: 4k page, system-wide physical 12028M (486M free)
TotalPageFile size 28814M (AvailPageFile size 18M)
current process WorkingSet (physical memory assigned to process): 371M, peak: 374M
current process commit charge ("private bytes"): 406M, peak: 425M

vm_info: OpenJDK 64-Bit Server VM (21.0.12.1+1-LTS) for windows-amd64 JRE (21.0.12.1+1-LTS), built on 2026-08-18T00:00:00Z by "admin" with MS VC++ 17.12 (VS2022)

END.
